Loading plugins phase: Elapsed time ==> 0s.277ms
Initializing data phase: Elapsed time ==> 0s.000ms
<CYPRESSTAG name="CyDsfit arguments...">
cydsfit arguments: -.fdsnotice -.fdswarpdepfile=warp_dependencies.txt -.fdselabdepfile=elab_dependencies.txt -.fdsbldfile=generated_files.txt -p D:\Users\gizmo\Documents\Develop\I2S_FG\PSoC\I2S_FG\PrototypingKit_DDS.cydsn\PrototypingKit_DDS.cyprj -d CY8C5888LTI-LP097 -s D:\Users\gizmo\Documents\Develop\I2S_FG\PSoC\I2S_FG\PrototypingKit_DDS.cydsn\Generated_Source\PSoC5 -- -yv2 -q10 -ygs -o2 -v3 -.fftcfgtype=LE</CYPRESSTAG>
<CYPRESSTAG name="Design elaboration results...">
</CYPRESSTAG>
Elaboration phase: Elapsed time ==> 1s.611ms
<CYPRESSTAG name="HDL generation results...">
</CYPRESSTAG>
HDL generation phase: Elapsed time ==> 0s.041ms
<CYPRESSTAG name="Synthesis results...">

     | | | | | | |
   _________________
  -|               |-
  -|               |-
  -|               |-
  -|    CYPRESS    |-
  -|               |-
  -|               |-   Warp Verilog Synthesis Compiler: Version 6.3 IR 41
  -|               |-   Copyright (C) 1991-2001 Cypress Semiconductor
   |_______________|
     | | | | | | |

======================================================================
Compiling:  PrototypingKit_DDS.v
Program  :   C:\Program Files (x86)\Cypress\PSoC Creator\3.3\PSoC Creator\warp\bin/warp.exe
Options  :    -yv2 -q10 -ygs -o2 -v3 -.fftcfgtype=LE -ya -.fftprj=D:\Users\gizmo\Documents\Develop\I2S_FG\PSoC\I2S_FG\PrototypingKit_DDS.cydsn\PrototypingKit_DDS.cyprj -dcpsoc3 PrototypingKit_DDS.v -verilog
======================================================================

======================================================================
Compiling:  PrototypingKit_DDS.v
Program  :   C:\Program Files (x86)\Cypress\PSoC Creator\3.3\PSoC Creator\warp\bin/warp.exe
Options  :    -yv2 -q10 -ygs -o2 -v3 -.fftcfgtype=LE -ya -.fftprj=D:\Users\gizmo\Documents\Develop\I2S_FG\PSoC\I2S_FG\PrototypingKit_DDS.cydsn\PrototypingKit_DDS.cyprj -dcpsoc3 PrototypingKit_DDS.v -verilog
======================================================================

======================================================================
Compiling:  PrototypingKit_DDS.v
Program  :   vlogfe
Options  :    -yv2 -q10 -ygs -o2 -v3 -.fftcfgtype=LE -ya -.fftprj=D:\Users\gizmo\Documents\Develop\I2S_FG\PSoC\I2S_FG\PrototypingKit_DDS.cydsn\PrototypingKit_DDS.cyprj -dcpsoc3 -verilog PrototypingKit_DDS.v
======================================================================

vlogfe V6.3 IR 41:  Verilog parser
Sun Jan 31 15:17:37 2016


======================================================================
Compiling:  PrototypingKit_DDS.v
Program  :   vpp
Options  :    -yv2 -q10 PrototypingKit_DDS.v
======================================================================

vpp V6.3 IR 41:  Verilog Pre-Processor
Sun Jan 31 15:17:37 2016

Flattening file 'C:\Program Files (x86)\Cypress\PSoC Creator\3.3\PSoC Creator\psoc\content\cycomponentlibrary\CyComponentLibrary.cylib\bI2S_v2_60\bI2S_v2_60.v'
Flattening file 'C:\Program Files (x86)\Cypress\PSoC Creator\3.3\PSoC Creator\warp\lib\common\cypress.v'
Flattening file 'C:\Program Files (x86)\Cypress\PSoC Creator\3.3\PSoC Creator\warp\lib\common\cy_psoc3_inc.v'
Flattening file 'C:\Program Files (x86)\Cypress\PSoC Creator\3.3\PSoC Creator\psoc\content\cyprimitives\CyPrimitives.cylib\cy_virtualmux_v1_0\cy_virtualmux_v1_0.v'
Flattening file 'C:\Program Files (x86)\Cypress\PSoC Creator\3.3\PSoC Creator\psoc\content\cycomponentlibrary\CyComponentLibrary.cylib\Debouncer_v1_0\Debouncer_v1_0.v'
Flattening file 'C:\Program Files (x86)\Cypress\PSoC Creator\3.3\PSoC Creator\warp\lib\common\cypress.v'

vpp:  No errors.

Library 'work' => directory 'lcpsoc3'
General_symbol_table
General_symbol_table
Linking 'C:\Program Files (x86)\Cypress\PSoC Creator\3.3\PSoC Creator\warp\lib\common\std.vhd'.
Linking 'C:\Program Files (x86)\Cypress\PSoC Creator\3.3\PSoC Creator\warp\lib\common\cypress.vhd'.
Linking 'C:\Program Files (x86)\Cypress\PSoC Creator\3.3\PSoC Creator\warp\lib\common\work\cypress.vif'.
Linking 'C:\Program Files (x86)\Cypress\PSoC Creator\3.3\PSoC Creator\warp\lib\ieee\work\stdlogic.vif'.
Linking 'C:\Program Files (x86)\Cypress\PSoC Creator\3.3\PSoC Creator\warp\lib\common\stdlogic\lpmpkg.vif'.
Linking 'C:\Program Files (x86)\Cypress\PSoC Creator\3.3\PSoC Creator\warp\lib\common\stdlogic\rtlpkg.vif'.
Linking 'C:\Program Files (x86)\Cypress\PSoC Creator\3.3\PSoC Creator\warp\lib\common\stdlogic\mod_cnst.vif'.
Linking 'C:\Program Files (x86)\Cypress\PSoC Creator\3.3\PSoC Creator\warp\lib\common\stdlogic\mod_mthv.vif'.
Linking 'C:\Program Files (x86)\Cypress\PSoC Creator\3.3\PSoC Creator\warp\lib\common\stdlogic\mod_genv.vif'.
Using control file 'PrototypingKit_DDS.ctl'.
C:\Program Files (x86)\Cypress\PSoC Creator\3.3\PSoC Creator\psoc\content\cycomponentlibrary\CyComponentLibrary.cylib\bI2S_v2_60\bI2S_v2_60.v (line 346, col 104):  Note: Substituting module 'cmp_vv_vv' for '>'.
C:\Program Files (x86)\Cypress\PSoC Creator\3.3\PSoC Creator\psoc\content\cycomponentlibrary\CyComponentLibrary.cylib\bI2S_v2_60\bI2S_v2_60.v (line 348, col 118):  Note: Substituting module 'cmp_vv_vv' for '>'.
C:\Program Files (x86)\Cypress\PSoC Creator\3.3\PSoC Creator\psoc\content\cycomponentlibrary\CyComponentLibrary.cylib\bI2S_v2_60\bI2S_v2_60.v (line 350, col 105):  Note: Substituting module 'cmp_vv_vv' for '>'.
C:\Program Files (x86)\Cypress\PSoC Creator\3.3\PSoC Creator\psoc\content\cycomponentlibrary\CyComponentLibrary.cylib\bI2S_v2_60\bI2S_v2_60.v (line 371, col 63):  Note: Substituting module 'cmp_vv_vv' for '<='.
C:\Program Files (x86)\Cypress\PSoC Creator\3.3\PSoC Creator\psoc\content\cycomponentlibrary\CyComponentLibrary.cylib\bI2S_v2_60\bI2S_v2_60.v (line 371, col 90):  Note: Substituting module 'cmp_vv_vv' for '>='.
C:\Program Files (x86)\Cypress\PSoC Creator\3.3\PSoC Creator\psoc\content\cycomponentlibrary\CyComponentLibrary.cylib\bI2S_v2_60\bI2S_v2_60.v (line 372, col 63):  Note: Substituting module 'cmp_vv_vv' for '<='.
C:\Program Files (x86)\Cypress\PSoC Creator\3.3\PSoC Creator\psoc\content\cycomponentlibrary\CyComponentLibrary.cylib\bI2S_v2_60\bI2S_v2_60.v (line 372, col 90):  Note: Substituting module 'cmp_vv_vv' for '>='.
C:\Program Files (x86)\Cypress\PSoC Creator\3.3\PSoC Creator\psoc\content\cycomponentlibrary\CyComponentLibrary.cylib\bI2S_v2_60\bI2S_v2_60.v (line 373, col 39):  Note: Substituting module 'cmp_vv_vv' for '<='.
C:\Program Files (x86)\Cypress\PSoC Creator\3.3\PSoC Creator\psoc\content\cycomponentlibrary\CyComponentLibrary.cylib\bI2S_v2_60\bI2S_v2_60.v (line 373, col 66):  Note: Substituting module 'cmp_vv_vv' for '>='.
C:\Program Files (x86)\Cypress\PSoC Creator\3.3\PSoC Creator\psoc\content\cycomponentlibrary\CyComponentLibrary.cylib\bI2S_v2_60\bI2S_v2_60.v (line 374, col 63):  Note: Substituting module 'cmp_vv_vv' for '<='.
C:\Program Files (x86)\Cypress\PSoC Creator\3.3\PSoC Creator\psoc\content\cycomponentlibrary\CyComponentLibrary.cylib\bI2S_v2_60\bI2S_v2_60.v (line 374, col 90):  Note: Substituting module 'cmp_vv_vv' for '>='.
Linking 'C:\Program Files (x86)\Cypress\PSoC Creator\3.3\PSoC Creator\warp\lib\common\stdlogic\cy_psoc3pkg.vif'.
Linking 'C:\Program Files (x86)\Cypress\PSoC Creator\3.3\PSoC Creator\warp\lib\common\stdlogic\cy_psoc3.vif'.

vlogfe:  No errors.


======================================================================
Compiling:  PrototypingKit_DDS.v
Program  :   tovif
Options  :    -yv2 -q10 -ygs -o2 -v3 -.fftcfgtype=LE -ya -.fftprj=D:\Users\gizmo\Documents\Develop\I2S_FG\PSoC\I2S_FG\PrototypingKit_DDS.cydsn\PrototypingKit_DDS.cyprj -dcpsoc3 -verilog PrototypingKit_DDS.v
======================================================================

tovif V6.3 IR 41:  High-level synthesis
Sun Jan 31 15:17:38 2016

Linking 'C:\Program Files (x86)\Cypress\PSoC Creator\3.3\PSoC Creator\warp\lib\common\std.vhd'.
Linking 'C:\Program Files (x86)\Cypress\PSoC Creator\3.3\PSoC Creator\warp\lib\common\cypress.vhd'.
Linking 'C:\Program Files (x86)\Cypress\PSoC Creator\3.3\PSoC Creator\warp\lib\common\work\cypress.vif'.
Linking 'C:\Program Files (x86)\Cypress\PSoC Creator\3.3\PSoC Creator\warp\lib\ieee\work\stdlogic.vif'.
Linking 'C:\Program Files (x86)\Cypress\PSoC Creator\3.3\PSoC Creator\warp\lib\common\stdlogic\lpmpkg.vif'.
Linking 'C:\Program Files (x86)\Cypress\PSoC Creator\3.3\PSoC Creator\warp\lib\common\stdlogic\rtlpkg.vif'.
Linking 'C:\Program Files (x86)\Cypress\PSoC Creator\3.3\PSoC Creator\warp\lib\common\stdlogic\mod_cnst.vif'.
Linking 'C:\Program Files (x86)\Cypress\PSoC Creator\3.3\PSoC Creator\warp\lib\common\stdlogic\mod_mthv.vif'.
Linking 'C:\Program Files (x86)\Cypress\PSoC Creator\3.3\PSoC Creator\warp\lib\common\stdlogic\mod_genv.vif'.
Linking 'D:\Users\gizmo\Documents\Develop\I2S_FG\PSoC\I2S_FG\PrototypingKit_DDS.cydsn\codegentemp\PrototypingKit_DDS.ctl'.
Linking 'C:\Program Files (x86)\Cypress\PSoC Creator\3.3\PSoC Creator\psoc\content\cycomponentlibrary\CyComponentLibrary.cylib\bI2S_v2_60\bI2S_v2_60.v'.
Linking 'C:\Program Files (x86)\Cypress\PSoC Creator\3.3\PSoC Creator\warp\lib\common\cypress.v'.
Linking 'C:\Program Files (x86)\Cypress\PSoC Creator\3.3\PSoC Creator\warp\lib\common\cy_psoc3_inc.v'.
Linking 'D:\Users\gizmo\Documents\Develop\I2S_FG\PSoC\I2S_FG\PrototypingKit_DDS.cydsn\codegentemp\PrototypingKit_DDS.v'.
Linking 'C:\Program Files (x86)\Cypress\PSoC Creator\3.3\PSoC Creator\psoc\content\cyprimitives\CyPrimitives.cylib\cy_virtualmux_v1_0\cy_virtualmux_v1_0.v'.
Linking 'C:\Program Files (x86)\Cypress\PSoC Creator\3.3\PSoC Creator\psoc\content\cycomponentlibrary\CyComponentLibrary.cylib\Debouncer_v1_0\Debouncer_v1_0.v'.
Linking 'C:\Program Files (x86)\Cypress\PSoC Creator\3.3\PSoC Creator\warp\lib\common\stdlogic\cy_psoc3pkg.vif'.
Linking 'C:\Program Files (x86)\Cypress\PSoC Creator\3.3\PSoC Creator\warp\lib\common\stdlogic\cy_psoc3.vif'.

tovif:  No errors.


======================================================================
Compiling:  PrototypingKit_DDS.v
Program  :   topld
Options  :    -yv2 -q10 -ygs -o2 -v3 -.fftcfgtype=LE -ya -.fftprj=D:\Users\gizmo\Documents\Develop\I2S_FG\PSoC\I2S_FG\PrototypingKit_DDS.cydsn\PrototypingKit_DDS.cyprj -dcpsoc3 -verilog PrototypingKit_DDS.v
======================================================================

topld V6.3 IR 41:  Synthesis and optimization
Sun Jan 31 15:17:38 2016

Linking 'C:\Program Files (x86)\Cypress\PSoC Creator\3.3\PSoC Creator\warp\lib\common\std.vhd'.
Linking 'C:\Program Files (x86)\Cypress\PSoC Creator\3.3\PSoC Creator\warp\lib\common\cypress.vhd'.
Linking 'C:\Program Files (x86)\Cypress\PSoC Creator\3.3\PSoC Creator\warp\lib\common\work\cypress.vif'.
Linking 'C:\Program Files (x86)\Cypress\PSoC Creator\3.3\PSoC Creator\warp\lib\ieee\work\stdlogic.vif'.
Linking 'C:\Program Files (x86)\Cypress\PSoC Creator\3.3\PSoC Creator\warp\lib\common\stdlogic\lpmpkg.vif'.
Linking 'C:\Program Files (x86)\Cypress\PSoC Creator\3.3\PSoC Creator\warp\lib\common\stdlogic\rtlpkg.vif'.
Linking 'C:\Program Files (x86)\Cypress\PSoC Creator\3.3\PSoC Creator\warp\lib\common\stdlogic\mod_cnst.vif'.
Linking 'C:\Program Files (x86)\Cypress\PSoC Creator\3.3\PSoC Creator\warp\lib\common\stdlogic\mod_mthv.vif'.
Linking 'C:\Program Files (x86)\Cypress\PSoC Creator\3.3\PSoC Creator\warp\lib\common\stdlogic\mod_genv.vif'.
Linking 'D:\Users\gizmo\Documents\Develop\I2S_FG\PSoC\I2S_FG\PrototypingKit_DDS.cydsn\codegentemp\PrototypingKit_DDS.ctl'.
Linking 'C:\Program Files (x86)\Cypress\PSoC Creator\3.3\PSoC Creator\psoc\content\cycomponentlibrary\CyComponentLibrary.cylib\bI2S_v2_60\bI2S_v2_60.v'.
Linking 'C:\Program Files (x86)\Cypress\PSoC Creator\3.3\PSoC Creator\warp\lib\common\cypress.v'.
Linking 'C:\Program Files (x86)\Cypress\PSoC Creator\3.3\PSoC Creator\warp\lib\common\cy_psoc3_inc.v'.
Linking 'D:\Users\gizmo\Documents\Develop\I2S_FG\PSoC\I2S_FG\PrototypingKit_DDS.cydsn\codegentemp\PrototypingKit_DDS.v'.
Linking 'C:\Program Files (x86)\Cypress\PSoC Creator\3.3\PSoC Creator\psoc\content\cyprimitives\CyPrimitives.cylib\cy_virtualmux_v1_0\cy_virtualmux_v1_0.v'.
Linking 'C:\Program Files (x86)\Cypress\PSoC Creator\3.3\PSoC Creator\psoc\content\cycomponentlibrary\CyComponentLibrary.cylib\Debouncer_v1_0\Debouncer_v1_0.v'.
Linking 'C:\Program Files (x86)\Cypress\PSoC Creator\3.3\PSoC Creator\warp\lib\common\stdlogic\cy_psoc3pkg.vif'.
Linking 'C:\Program Files (x86)\Cypress\PSoC Creator\3.3\PSoC Creator\warp\lib\common\stdlogic\cy_psoc3.vif'.
Linking 'C:\Program Files (x86)\Cypress\PSoC Creator\3.3\PSoC Creator\warp\lib\lcpsoc3\stdlogic\cpsoc3.vif'.

----------------------------------------------------------
Detecting unused logic.
----------------------------------------------------------
    User names
	\I2S_1:bI2S:dyn_data_width_1\
	\I2S_1:bI2S:dyn_data_width_0\
	\I2S_1:bI2S:tx_stereo_data\
	\I2S_1:bI2S:rx_lch_active\
	\I2S_1:bI2S:rx_rch_active\
	\I2S_1:bI2S:rx_stereo_data\
	\I2S_1:bI2S:rx_lch_load_3\
	\I2S_1:bI2S:rx_lch_load_2\
	\I2S_1:bI2S:rx_lch_load_1\
	\I2S_1:bI2S:rx_lch_load_0\
	\I2S_1:bI2S:rx_rch_load_3\
	\I2S_1:bI2S:rx_rch_load_2\
	\I2S_1:bI2S:rx_rch_load_1\
	\I2S_1:bI2S:rx_rch_load_0\
	\I2S_1:bI2S:data_trunc\
	\I2S_1:Net_1_0\
	\I2S_1:rx_line_0\
	\I2S_1:Net_1_1\
	\I2S_1:rx_line_1\
	\I2S_1:Net_1_2\
	\I2S_1:rx_line_2\
	\I2S_1:Net_1_3\
	\I2S_1:rx_line_3\
	\I2S_1:Net_1_4\
	\I2S_1:rx_line_4\
	\I2S_1:sdo_4\
	\I2S_1:sdo_3\
	\I2S_1:sdo_2\
	\I2S_1:sdo_1\
	\I2S_1:rx_dma0_4\
	\I2S_1:rx_dma0_3\
	\I2S_1:rx_dma0_2\
	\I2S_1:rx_dma0_1\
	Net_61_0
	\I2S_1:rx_dma1_4\
	\I2S_1:rx_dma1_3\
	\I2S_1:rx_dma1_2\
	\I2S_1:rx_dma1_1\
	Net_62_0
	\I2S_1:tx_dma0_4\
	\I2S_1:tx_dma0_3\
	\I2S_1:tx_dma0_2\
	\I2S_1:tx_dma0_1\
	\I2S_1:tx_dma1_4\
	\I2S_1:tx_dma1_3\
	\I2S_1:tx_dma1_2\
	\I2S_1:tx_dma1_1\
	\I2S_1:clip_4\
	\I2S_1:clip_3\
	\I2S_1:clip_2\
	\I2S_1:clip_1\
	Net_66_0


Deleted 52 User equations/components.
Deleted 0 Synthesized equations/components.

------------------------------------------------------
Alias Detection
------------------------------------------------------
Aliasing \I2S_1:bI2S:tx_lch_active\ to one
Aliasing \I2S_1:bI2S:tx_rch_active\ to one
Aliasing \I2S_1:bI2S:data_width_8\ to one
Aliasing \I2S_1:bI2S:data_width_16\ to one
Aliasing \I2S_1:bI2S:data_width_24\ to one
Aliasing \I2S_1:bI2S:data_width_32\ to one
Aliasing \I2S_1:bI2S:tx_swap_done\ to one
Aliasing \I2S_1:bI2S:Tx:STS[0]:status_5\ to zero
Aliasing \I2S_1:bI2S:Tx:STS[0]:status_4\ to zero
Aliasing \I2S_1:bI2S:Tx:STS[0]:status_3\ to zero
Aliasing \I2S_1:tx_drq0_0\ to \I2S_1:bI2S:Tx:STS[0]:status_1\
Aliasing \I2S_1:tx_drq1_0\ to \I2S_1:bI2S:Tx:STS[0]:status_2\
Aliasing tmpOE__SDO_1_net_0 to one
Aliasing tmpOE__SCK_1_net_0 to one
Aliasing tmpOE__WS_1_net_0 to one
Aliasing tmpOE__Pin_Check_0_net_0 to one
Aliasing tmpOE__Pin_Check_1_net_0 to one
Aliasing tmpOE__Pin_I2S_Clock_net_0 to one
Aliasing tmpOE__Pin_RE0_In_net_1 to one
Aliasing tmpOE__Pin_RE0_In_net_0 to one
Aliasing tmpOE__Pin_RE0_net_1 to one
Aliasing tmpOE__Pin_RE0_net_0 to one
Aliasing tmpOE__Pin_RE1_In_net_1 to one
Aliasing tmpOE__Pin_RE1_In_net_0 to one
Aliasing tmpOE__Pin_RE1_net_1 to one
Aliasing tmpOE__Pin_RE1_net_0 to one
Aliasing \I2S_1:bI2S:tx_swap_done_reg\\D\ to zero
Aliasing \I2S_1:bI2S:d0_load\\D\ to zero
Aliasing \I2S_1:bI2S:tx_int_reg\\D\ to Net_29
Aliasing \Debouncer_RE0_A:DEBOUNCER[0]:d_sync_1\\D\ to Net_131
Aliasing Net_141D to zero
Aliasing Net_139D to zero
Aliasing Net_140D to zero
Aliasing \Debouncer_RE0_B:DEBOUNCER[0]:d_sync_1\\D\ to Net_132
Aliasing Net_144D to zero
Aliasing Net_142D to zero
Aliasing Net_143D to zero
Aliasing \Debouncer_RE1_A:DEBOUNCER[0]:d_sync_1\\D\ to Net_147
Aliasing Net_160D to zero
Aliasing Net_158D to zero
Aliasing Net_159D to zero
Aliasing \Debouncer_RE1_B:DEBOUNCER[0]:d_sync_1\\D\ to Net_152
Aliasing Net_163D to zero
Aliasing Net_161D to zero
Aliasing Net_162D to zero
Removing Lhs of wire \I2S_1:Net_2\[1] = Net_22[111]
Removing Lhs of wire \I2S_1:bI2S:enable\[16] = \I2S_1:bI2S:ctrl_2\[13]
Removing Rhs of wire Net_3[27] = \I2S_1:bI2S:count_0\[25]
Removing Rhs of wire Net_4[28] = \I2S_1:bI2S:channel\[26]
Removing Lhs of wire \I2S_1:bI2S:tx_lch_active\[29] = one[2]
Removing Lhs of wire \I2S_1:bI2S:tx_rch_active\[30] = one[2]
Removing Lhs of wire \I2S_1:bI2S:data_width_8\[35] = one[2]
Removing Lhs of wire \I2S_1:bI2S:data_width_16\[36] = one[2]
Removing Lhs of wire \I2S_1:bI2S:data_width_24\[37] = one[2]
Removing Lhs of wire \I2S_1:bI2S:data_width_32\[38] = one[2]
Removing Lhs of wire \I2S_1:bI2S:tx_lch_load_3\[39] = one[2]
Removing Lhs of wire \I2S_1:bI2S:tx_lch_load_2\[40] = one[2]
Removing Lhs of wire \I2S_1:bI2S:tx_lch_load_1\[41] = one[2]
Removing Lhs of wire \I2S_1:bI2S:tx_lch_load_0\[42] = one[2]
Removing Lhs of wire \I2S_1:bI2S:tx_rch_load_3\[43] = one[2]
Removing Lhs of wire \I2S_1:bI2S:tx_rch_load_2\[44] = one[2]
Removing Lhs of wire \I2S_1:bI2S:tx_rch_load_1\[45] = one[2]
Removing Lhs of wire \I2S_1:bI2S:tx_rch_load_0\[46] = one[2]
Removing Lhs of wire \I2S_1:bI2S:tx_swap_done\[61] = one[2]
Removing Lhs of wire \I2S_1:bI2S:Tx:STS[0]:status_0\[65] = \I2S_1:bI2S:tx_underflow_0\[57]
Removing Lhs of wire \I2S_1:bI2S:Tx:STS[0]:status_1\[66] = \I2S_1:bI2S:tx_f0_n_full_0\[67]
Removing Lhs of wire \I2S_1:bI2S:Tx:STS[0]:status_2\[68] = \I2S_1:bI2S:tx_f1_n_full_0\[69]
Removing Lhs of wire \I2S_1:bI2S:Tx:STS[0]:status_5\[70] = zero[9]
Removing Lhs of wire \I2S_1:bI2S:Tx:STS[0]:status_4\[71] = zero[9]
Removing Lhs of wire \I2S_1:bI2S:Tx:STS[0]:status_3\[72] = zero[9]
Removing Rhs of wire Net_29[76] = \I2S_1:bI2S:tx_int_out_0\[74]
Removing Rhs of wire \I2S_1:tx_drq0_0\[79] = \I2S_1:bI2S:tx_f0_n_full_0\[67]
Removing Rhs of wire \I2S_1:tx_drq1_0\[80] = \I2S_1:bI2S:tx_f1_n_full_0\[69]
Removing Rhs of wire Net_5_0[130] = \I2S_1:tx_line_0\[81]
Removing Rhs of wire Net_73_0[159] = \I2S_1:tx_drq0_0\[79]
Removing Rhs of wire Net_76_0[168] = \I2S_1:tx_drq1_0\[80]
Removing Lhs of wire tmpOE__SDO_1_net_0[180] = one[2]
Removing Lhs of wire tmpOE__SCK_1_net_0[186] = one[2]
Removing Lhs of wire tmpOE__WS_1_net_0[192] = one[2]
Removing Lhs of wire tmpOE__Pin_Check_0_net_0[200] = one[2]
Removing Lhs of wire tmpOE__Pin_Check_1_net_0[206] = one[2]
Removing Rhs of wire Net_131[223] = \Debouncer_RE0_A:DEBOUNCER[0]:d_sync_0\[220]
Removing Lhs of wire tmpOE__Pin_I2S_Clock_net_0[228] = one[2]
Removing Lhs of wire tmpOE__Pin_RE0_In_net_1[234] = one[2]
Removing Lhs of wire tmpOE__Pin_RE0_In_net_0[235] = one[2]
Removing Rhs of wire Net_132[245] = \Debouncer_RE0_B:DEBOUNCER[0]:d_sync_0\[243]
Removing Lhs of wire tmpOE__Pin_RE0_net_1[251] = one[2]
Removing Lhs of wire tmpOE__Pin_RE0_net_0[252] = one[2]
Removing Rhs of wire Net_147[264] = \Debouncer_RE1_A:DEBOUNCER[0]:d_sync_0\[261]
Removing Lhs of wire tmpOE__Pin_RE1_In_net_1[269] = one[2]
Removing Lhs of wire tmpOE__Pin_RE1_In_net_0[270] = one[2]
Removing Rhs of wire Net_152[280] = \Debouncer_RE1_B:DEBOUNCER[0]:d_sync_0\[278]
Removing Lhs of wire tmpOE__Pin_RE1_net_1[285] = one[2]
Removing Lhs of wire tmpOE__Pin_RE1_net_0[286] = one[2]
Removing Lhs of wire \I2S_1:bI2S:tx_swap_done_reg\\D\[297] = zero[9]
Removing Lhs of wire \I2S_1:bI2S:d0_load\\D\[298] = zero[9]
Removing Lhs of wire \I2S_1:bI2S:tx_int_reg\\D\[302] = Net_29[76]
Removing Lhs of wire \Debouncer_RE0_A:DEBOUNCER[0]:d_sync_0\\D\[304] = Net_96[221]
Removing Lhs of wire \Debouncer_RE0_A:DEBOUNCER[0]:d_sync_1\\D\[305] = Net_131[223]
Removing Lhs of wire Net_141D[306] = zero[9]
Removing Lhs of wire Net_139D[307] = zero[9]
Removing Lhs of wire Net_140D[308] = zero[9]
Removing Lhs of wire \Debouncer_RE0_B:DEBOUNCER[0]:d_sync_0\\D\[309] = Net_105[236]
Removing Lhs of wire \Debouncer_RE0_B:DEBOUNCER[0]:d_sync_1\\D\[310] = Net_132[245]
Removing Lhs of wire Net_144D[311] = zero[9]
Removing Lhs of wire Net_142D[312] = zero[9]
Removing Lhs of wire Net_143D[313] = zero[9]
Removing Lhs of wire \Debouncer_RE1_A:DEBOUNCER[0]:d_sync_0\\D\[314] = Net_145[262]
Removing Lhs of wire \Debouncer_RE1_A:DEBOUNCER[0]:d_sync_1\\D\[315] = Net_147[264]
Removing Lhs of wire Net_160D[316] = zero[9]
Removing Lhs of wire Net_158D[317] = zero[9]
Removing Lhs of wire Net_159D[318] = zero[9]
Removing Lhs of wire \Debouncer_RE1_B:DEBOUNCER[0]:d_sync_0\\D\[319] = Net_151[271]
Removing Lhs of wire \Debouncer_RE1_B:DEBOUNCER[0]:d_sync_1\\D\[320] = Net_152[280]
Removing Lhs of wire Net_163D[321] = zero[9]
Removing Lhs of wire Net_161D[322] = zero[9]
Removing Lhs of wire Net_162D[323] = zero[9]

------------------------------------------------------
Aliased 0 equations, 72 wires.
------------------------------------------------------

----------------------------------------------------------
Circuit simplification
----------------------------------------------------------

Substituting virtuals - pass 1:

Note:  Expanding virtual equation for 'one' (cost = 0):
one <=  ('1') ;

Note:  Expanding virtual equation for '\I2S_1:bI2S:tx_underflow_0\' (cost = 2):
\I2S_1:bI2S:tx_underflow_0\ <= ((not \I2S_1:bI2S:tx_state_1\ and not \I2S_1:bI2S:tx_state_0\ and \I2S_1:bI2S:tx_state_2\ and \I2S_1:bI2S:tx_f1_empty_0\)
	OR (not \I2S_1:bI2S:tx_state_2\ and not \I2S_1:bI2S:tx_state_1\ and \I2S_1:bI2S:tx_state_0\ and \I2S_1:bI2S:tx_f0_empty_0\));


Substituting virtuals - pass 2:


----------------------------------------------------------
Circuit simplification results:

	Expanded 2 signals.
	Turned 0 signals into soft nodes.
	Maximum default expansion cost was set at 3.
----------------------------------------------------------

------------------------------------------------------
Alias Detection
------------------------------------------------------

------------------------------------------------------
Aliased 0 equations, 0 wires.
------------------------------------------------------

Last attempt to remove unused logic - pass 1:


Last attempt to remove unused logic - pass 2:


topld:  No errors.

CYPRESS_DIR    : C:\Program Files (x86)\Cypress\PSoC Creator\3.3\PSoC Creator\warp
Warp Program   : C:\Program Files (x86)\Cypress\PSoC Creator\3.3\PSoC Creator\warp\bin/warp.exe
Warp Arguments : -yv2 -q10 -ygs -o2 -v3 -.fftcfgtype=LE -ya -.fftprj=D:\Users\gizmo\Documents\Develop\I2S_FG\PSoC\I2S_FG\PrototypingKit_DDS.cydsn\PrototypingKit_DDS.cyprj -dcpsoc3 PrototypingKit_DDS.v -verilog
</CYPRESSTAG>
Warp synthesis phase: Elapsed time ==> 0s.550ms
<CYPRESSTAG name="Fitter results...">
<CYPRESSTAG name="Fitter startup details...">
cyp3fit: V3.3.0.410, Family: PSoC3, Started at: Sunday, 31 January 2016 15:17:38
Options: -yv2 -q10 -ygs -o2 -v3 -.fftcfgtype=LE -ya -.fftprj=D:\Users\gizmo\Documents\Develop\I2S_FG\PSoC\I2S_FG\PrototypingKit_DDS.cydsn\PrototypingKit_DDS.cyprj -d CY8C5888LTI-LP097 PrototypingKit_DDS.v -verilog
</CYPRESSTAG>
<CYPRESSTAG name="Design parsing">
Design parsing phase: Elapsed time ==> 0s.015ms
</CYPRESSTAG>
<CYPRESSTAG name="Tech mapping">
<CYPRESSTAG name="Initial Mapping" icon="FILE_RPT_TECHM">
    Converted constant MacroCell: \I2S_1:bI2S:tx_swap_done_reg\ from registered to combinatorial
    Converted constant MacroCell: \I2S_1:bI2S:d0_load\ from registered to combinatorial
    Converted constant MacroCell: Net_141 from registered to combinatorial
    Converted constant MacroCell: Net_139 from registered to combinatorial
    Converted constant MacroCell: Net_140 from registered to combinatorial
    Converted constant MacroCell: Net_144 from registered to combinatorial
    Converted constant MacroCell: Net_142 from registered to combinatorial
    Converted constant MacroCell: Net_143 from registered to combinatorial
    Converted constant MacroCell: Net_160 from registered to combinatorial
    Converted constant MacroCell: Net_158 from registered to combinatorial
    Converted constant MacroCell: Net_159 from registered to combinatorial
    Converted constant MacroCell: Net_163 from registered to combinatorial
    Converted constant MacroCell: Net_161 from registered to combinatorial
    Converted constant MacroCell: Net_162 from registered to combinatorial
<CYPRESSTAG name="Global Clock Selection" icon="FILE_RPT_TECHM">
    Digital Clock 0: Automatic-assigning  clock 'Clock_1'. Fanout=2, Signal=Net_22
    Digital Clock 1: Automatic-assigning  clock 'Clock_RE'. Fanout=4, Signal=Net_97
</CYPRESSTAG>

Removing unused cells resulting from optimization
Done removing unused cells.
<CYPRESSTAG name="UDB Clock/Enable Remapping Results">
    UDB Clk/Enable \I2S_1:bI2S:ClkSync\: with output requested to be synchronous
        ClockIn: Clock_1 was determined to be a global clock that is synchronous to BUS_CLK
        EnableIn: Constant 1 was determined to be synchronous to ClockIn
        ClockOut: Clock_1, EnableOut: Constant 1
    UDB Clk/Enable \Debouncer_RE0_A:ClkSync\: with output requested to be synchronous
        ClockIn: Clock_RE was determined to be a global clock that is synchronous to BUS_CLK
        EnableIn: Constant 1 was determined to be synchronous to ClockIn
        ClockOut: Clock_RE, EnableOut: Constant 1
    UDB Clk/Enable \Debouncer_RE0_B:ClkSync\: with output requested to be synchronous
        ClockIn: Clock_RE was determined to be a global clock that is synchronous to BUS_CLK
        EnableIn: Constant 1 was determined to be synchronous to ClockIn
        ClockOut: Clock_RE, EnableOut: Constant 1
    UDB Clk/Enable \Debouncer_RE1_A:ClkSync\: with output requested to be synchronous
        ClockIn: Clock_RE was determined to be a global clock that is synchronous to BUS_CLK
        EnableIn: Constant 1 was determined to be synchronous to ClockIn
        ClockOut: Clock_RE, EnableOut: Constant 1
    UDB Clk/Enable \Debouncer_RE1_B:ClkSync\: with output requested to be synchronous
        ClockIn: Clock_RE was determined to be a global clock that is synchronous to BUS_CLK
        EnableIn: Constant 1 was determined to be synchronous to ClockIn
        ClockOut: Clock_RE, EnableOut: Constant 1
</CYPRESSTAG>
ADD: pft.M0040: information: The following 4 pin(s) will be assigned a location by the fitter: Pin_RE0(0), Pin_RE0(1), Pin_RE1(0), Pin_RE1(1)


Removing unused cells resulting from optimization
Done removing unused cells.
<CYPRESSTAG name="Duplicate Macrocell detection">
</CYPRESSTAG>
</CYPRESSTAG>
<CYPRESSTAG name="Duplicate Macrocell detection">
</CYPRESSTAG>
<CYPRESSTAG name="Design Equations" icon="FILE_RPT_EQUATION">

------------------------------------------------------------
Design Equations
------------------------------------------------------------
    <CYPRESSTAG name="Pin listing">

    ------------------------------------------------------------
    Pin listing
    ------------------------------------------------------------

    Pin : Name = SDO_1(0)
        Attributes:
            In Group/Port: True
            In Sync Option: AUTO
            Out Sync Option: NOSYNC
            Interrupt generated: False
            Interrupt mode: NONE
            Drive mode: CMOS_OUT
            VTrip: EITHER
            Slew: FAST
            Input Sync needed: False
            Output Sync needed: False
            SC shield enabled: False
            POR State: ANY
            LCD Mode: COMMON
            Register Mode: RegComb
            CaSense Mode: NEITHER
            Treat as pin: True
            Is OE Registered: False
            Uses Analog: False
            Can contain Digital: True
            Is SIO: False
            SIO Output Buf: NONREGULATED
            SIO Input Buf: SINGLE_ENDED
            SIO HiFreq: LOW
            SIO Hyst: DISABLED
            SIO Vtrip: MULTIPLIER_0_5
            SIO Multiplier Index: 0
            SIO RefSel: VCC_IO
            Required Capabilitites: DIGITAL, ROUTABLE
            Initial Value: 0
            IO Voltage: 0
        PORT MAP (
            pa_out => SDO_1(0)__PA ,
            input => Net_5_0 ,
            pad => SDO_1(0)_PAD );
        Properties:
        {
        }

    Pin : Name = SCK_1(0)
        Attributes:
            In Group/Port: True
            In Sync Option: AUTO
            Out Sync Option: NOSYNC
            Interrupt generated: False
            Interrupt mode: NONE
            Drive mode: CMOS_OUT
            VTrip: EITHER
            Slew: FAST
            Input Sync needed: False
            Output Sync needed: False
            SC shield enabled: False
            POR State: ANY
            LCD Mode: COMMON
            Register Mode: RegComb
            CaSense Mode: NEITHER
            Treat as pin: True
            Is OE Registered: False
            Uses Analog: False
            Can contain Digital: True
            Is SIO: False
            SIO Output Buf: NONREGULATED
            SIO Input Buf: SINGLE_ENDED
            SIO HiFreq: LOW
            SIO Hyst: DISABLED
            SIO Vtrip: MULTIPLIER_0_5
            SIO Multiplier Index: 0
            SIO RefSel: VCC_IO
            Required Capabilitites: DIGITAL, ROUTABLE
            Initial Value: 0
            IO Voltage: 0
        PORT MAP (
            pa_out => SCK_1(0)__PA ,
            input => Net_3 ,
            pad => SCK_1(0)_PAD );
        Properties:
        {
        }

    Pin : Name = WS_1(0)
        Attributes:
            In Group/Port: True
            In Sync Option: AUTO
            Out Sync Option: NOSYNC
            Interrupt generated: False
            Interrupt mode: NONE
            Drive mode: CMOS_OUT
            VTrip: EITHER
            Slew: FAST
            Input Sync needed: False
            Output Sync needed: False
            SC shield enabled: False
            POR State: ANY
            LCD Mode: COMMON
            Register Mode: RegComb
            CaSense Mode: NEITHER
            Treat as pin: True
            Is OE Registered: False
            Uses Analog: False
            Can contain Digital: True
            Is SIO: False
            SIO Output Buf: NONREGULATED
            SIO Input Buf: SINGLE_ENDED
            SIO HiFreq: LOW
            SIO Hyst: DISABLED
            SIO Vtrip: MULTIPLIER_0_5
            SIO Multiplier Index: 0
            SIO RefSel: VCC_IO
            Required Capabilitites: DIGITAL, ROUTABLE
            Initial Value: 0
            IO Voltage: 0
        PORT MAP (
            pa_out => WS_1(0)__PA ,
            input => Net_4 ,
            pad => WS_1(0)_PAD );
        Properties:
        {
        }

    Pin : Name = Pin_Check_0(0)
        Attributes:
            In Group/Port: True
            In Sync Option: AUTO
            Out Sync Option: NOSYNC
            Interrupt generated: False
            Interrupt mode: NONE
            Drive mode: CMOS_OUT
            VTrip: EITHER
            Slew: FAST
            Input Sync needed: False
            Output Sync needed: False
            SC shield enabled: False
            POR State: ANY
            LCD Mode: COMMON
            Register Mode: RegComb
            CaSense Mode: NEITHER
            Treat as pin: True
            Is OE Registered: False
            Uses Analog: False
            Can contain Digital: True
            Is SIO: False
            SIO Output Buf: NONREGULATED
            SIO Input Buf: SINGLE_ENDED
            SIO HiFreq: LOW
            SIO Hyst: DISABLED
            SIO Vtrip: MULTIPLIER_0_5
            SIO Multiplier Index: 0
            SIO RefSel: VCC_IO
            Required Capabilitites: DIGITAL
            Initial Value: 0
            IO Voltage: 0
        PORT MAP (
            pa_out => Pin_Check_0(0)__PA ,
            pad => Pin_Check_0(0)_PAD );
        Properties:
        {
        }

    Pin : Name = Pin_Check_1(0)
        Attributes:
            In Group/Port: True
            In Sync Option: AUTO
            Out Sync Option: NOSYNC
            Interrupt generated: False
            Interrupt mode: NONE
            Drive mode: CMOS_OUT
            VTrip: EITHER
            Slew: FAST
            Input Sync needed: False
            Output Sync needed: False
            SC shield enabled: False
            POR State: ANY
            LCD Mode: COMMON
            Register Mode: RegComb
            CaSense Mode: NEITHER
            Treat as pin: True
            Is OE Registered: False
            Uses Analog: False
            Can contain Digital: True
            Is SIO: False
            SIO Output Buf: NONREGULATED
            SIO Input Buf: SINGLE_ENDED
            SIO HiFreq: LOW
            SIO Hyst: DISABLED
            SIO Vtrip: MULTIPLIER_0_5
            SIO Multiplier Index: 0
            SIO RefSel: VCC_IO
            Required Capabilitites: DIGITAL
            Initial Value: 0
            IO Voltage: 0
        PORT MAP (
            pa_out => Pin_Check_1(0)__PA ,
            pad => Pin_Check_1(0)_PAD );
        Properties:
        {
        }

    Pin : Name = Pin_I2S_Clock(0)
        Attributes:
            In Group/Port: True
            In Sync Option: AUTO
            Out Sync Option: NOSYNC
            Interrupt generated: False
            Interrupt mode: NONE
            Drive mode: CMOS_OUT
            VTrip: EITHER
            Slew: FAST
            Input Sync needed: False
            Output Sync needed: False
            SC shield enabled: False
            POR State: ANY
            LCD Mode: COMMON
            Register Mode: RegComb
            CaSense Mode: NEITHER
            Treat as pin: True
            Is OE Registered: False
            Uses Analog: False
            Can contain Digital: True
            Is SIO: False
            SIO Output Buf: NONREGULATED
            SIO Input Buf: SINGLE_ENDED
            SIO HiFreq: LOW
            SIO Hyst: DISABLED
            SIO Vtrip: MULTIPLIER_0_5
            SIO Multiplier Index: 0
            SIO RefSel: VCC_IO
            Required Capabilitites: DIGITAL, ROUTABLE
            Initial Value: 0
            IO Voltage: 0
        PORT MAP (
            pa_out => Pin_I2S_Clock(0)__PA ,
            input => Net_22_local ,
            pad => Pin_I2S_Clock(0)_PAD );
        Properties:
        {
        }

    Pin : Name = Pin_RE0_In(0)
        Attributes:
            In Group/Port: True
            In Sync Option: SYNC
            Out Sync Option: AUTO
            Interrupt generated: False
            Interrupt mode: NONE
            Drive mode: RES_PULL_UP
            VTrip: CMOS
            Slew: FAST
            Input Sync needed: False
            Output Sync needed: False
            SC shield enabled: False
            POR State: ANY
            LCD Mode: COMMON
            Register Mode: RegComb
            CaSense Mode: NEITHER
            Treat as pin: False
            Is OE Registered: False
            Uses Analog: False
            Can contain Digital: True
            Is SIO: False
            SIO Output Buf: NONREGULATED
            SIO Input Buf: SINGLE_ENDED
            SIO HiFreq: LOW
            SIO Hyst: DISABLED
            SIO Vtrip: MULTIPLIER_0_5
            SIO Multiplier Index: 0
            SIO RefSel: VCC_IO
            Required Capabilitites: DIGITAL, ROUTABLE
            Initial Value: 1
            IO Voltage: 0
        PORT MAP (
            pa_out => Pin_RE0_In(0)__PA ,
            fb => Net_96 ,
            pad => Pin_RE0_In(0)_PAD );
        Properties:
        {
        }

    Pin : Name = Pin_RE0_In(1)
        Attributes:
            In Group/Port: True
            In Sync Option: SYNC
            Out Sync Option: AUTO
            Interrupt generated: False
            Interrupt mode: NONE
            Drive mode: RES_PULL_UP
            VTrip: CMOS
            Slew: FAST
            Input Sync needed: False
            Output Sync needed: False
            SC shield enabled: False
            POR State: ANY
            LCD Mode: COMMON
            Register Mode: RegComb
            CaSense Mode: NEITHER
            Treat as pin: False
            Is OE Registered: False
            Uses Analog: False
            Can contain Digital: True
            Is SIO: False
            SIO Output Buf: NONREGULATED
            SIO Input Buf: SINGLE_ENDED
            SIO HiFreq: LOW
            SIO Hyst: DISABLED
            SIO Vtrip: MULTIPLIER_0_5
            SIO Multiplier Index: 0
            SIO RefSel: VCC_IO
            Required Capabilitites: DIGITAL, ROUTABLE
            Initial Value: 1
            IO Voltage: 0
        PORT MAP (
            pa_out => Pin_RE0_In(1)__PA ,
            fb => Net_105 ,
            pad => Pin_RE0_In(1)_PAD );
        Properties:
        {
        }

    Pin : Name = Pin_RE0(0)
        Attributes:
            In Group/Port: True
            In Sync Option: AUTO
            Out Sync Option: NOSYNC
            Interrupt generated: False
            Interrupt mode: NONE
            Drive mode: CMOS_OUT
            VTrip: EITHER
            Slew: FAST
            Input Sync needed: False
            Output Sync needed: False
            SC shield enabled: False
            POR State: ANY
            LCD Mode: COMMON
            Register Mode: RegComb
            CaSense Mode: NEITHER
            Treat as pin: False
            Is OE Registered: False
            Uses Analog: False
            Can contain Digital: True
            Is SIO: False
            SIO Output Buf: NONREGULATED
            SIO Input Buf: SINGLE_ENDED
            SIO HiFreq: LOW
            SIO Hyst: DISABLED
            SIO Vtrip: MULTIPLIER_0_5
            SIO Multiplier Index: 0
            SIO RefSel: VCC_IO
            Required Capabilitites: DIGITAL, ROUTABLE
            Initial Value: 0
            IO Voltage: 0
        PORT MAP (
            pa_out => Pin_RE0(0)__PA ,
            input => Net_131 ,
            pad => Pin_RE0(0)_PAD );

    Pin : Name = Pin_RE0(1)
        Attributes:
            In Group/Port: True
            In Sync Option: AUTO
            Out Sync Option: NOSYNC
            Interrupt generated: False
            Interrupt mode: NONE
            Drive mode: CMOS_OUT
            VTrip: EITHER
            Slew: FAST
            Input Sync needed: False
            Output Sync needed: False
            SC shield enabled: False
            POR State: ANY
            LCD Mode: COMMON
            Register Mode: RegComb
            CaSense Mode: NEITHER
            Treat as pin: False
            Is OE Registered: False
            Uses Analog: False
            Can contain Digital: True
            Is SIO: False
            SIO Output Buf: NONREGULATED
            SIO Input Buf: SINGLE_ENDED
            SIO HiFreq: LOW
            SIO Hyst: DISABLED
            SIO Vtrip: MULTIPLIER_0_5
            SIO Multiplier Index: 0
            SIO RefSel: VCC_IO
            Required Capabilitites: DIGITAL, ROUTABLE
            Initial Value: 0
            IO Voltage: 0
        PORT MAP (
            pa_out => Pin_RE0(1)__PA ,
            input => Net_132 ,
            pad => Pin_RE0(1)_PAD );

    Pin : Name = Pin_RE1_In(0)
        Attributes:
            In Group/Port: True
            In Sync Option: SYNC
            Out Sync Option: AUTO
            Interrupt generated: False
            Interrupt mode: NONE
            Drive mode: RES_PULL_UP
            VTrip: CMOS
            Slew: FAST
            Input Sync needed: False
            Output Sync needed: False
            SC shield enabled: False
            POR State: ANY
            LCD Mode: COMMON
            Register Mode: RegComb
            CaSense Mode: NEITHER
            Treat as pin: False
            Is OE Registered: False
            Uses Analog: False
            Can contain Digital: True
            Is SIO: False
            SIO Output Buf: NONREGULATED
            SIO Input Buf: SINGLE_ENDED
            SIO HiFreq: LOW
            SIO Hyst: DISABLED
            SIO Vtrip: MULTIPLIER_0_5
            SIO Multiplier Index: 0
            SIO RefSel: VCC_IO
            Required Capabilitites: DIGITAL, ROUTABLE
            Initial Value: 1
            IO Voltage: 0
        PORT MAP (
            pa_out => Pin_RE1_In(0)__PA ,
            fb => Net_145 ,
            pad => Pin_RE1_In(0)_PAD );
        Properties:
        {
        }

    Pin : Name = Pin_RE1_In(1)
        Attributes:
            In Group/Port: True
            In Sync Option: SYNC
            Out Sync Option: AUTO
            Interrupt generated: False
            Interrupt mode: NONE
            Drive mode: RES_PULL_UP
            VTrip: CMOS
            Slew: FAST
            Input Sync needed: False
            Output Sync needed: False
            SC shield enabled: False
            POR State: ANY
            LCD Mode: COMMON
            Register Mode: RegComb
            CaSense Mode: NEITHER
            Treat as pin: False
            Is OE Registered: False
            Uses Analog: False
            Can contain Digital: True
            Is SIO: False
            SIO Output Buf: NONREGULATED
            SIO Input Buf: SINGLE_ENDED
            SIO HiFreq: LOW
            SIO Hyst: DISABLED
            SIO Vtrip: MULTIPLIER_0_5
            SIO Multiplier Index: 0
            SIO RefSel: VCC_IO
            Required Capabilitites: DIGITAL, ROUTABLE
            Initial Value: 1
            IO Voltage: 0
        PORT MAP (
            pa_out => Pin_RE1_In(1)__PA ,
            fb => Net_151 ,
            pad => Pin_RE1_In(1)_PAD );
        Properties:
        {
        }

    Pin : Name = Pin_RE1(0)
        Attributes:
            In Group/Port: True
            In Sync Option: AUTO
            Out Sync Option: NOSYNC
            Interrupt generated: False
            Interrupt mode: NONE
            Drive mode: CMOS_OUT
            VTrip: EITHER
            Slew: FAST
            Input Sync needed: False
            Output Sync needed: False
            SC shield enabled: False
            POR State: ANY
            LCD Mode: COMMON
            Register Mode: RegComb
            CaSense Mode: NEITHER
            Treat as pin: False
            Is OE Registered: False
            Uses Analog: False
            Can contain Digital: True
            Is SIO: False
            SIO Output Buf: NONREGULATED
            SIO Input Buf: SINGLE_ENDED
            SIO HiFreq: LOW
            SIO Hyst: DISABLED
            SIO Vtrip: MULTIPLIER_0_5
            SIO Multiplier Index: 0
            SIO RefSel: VCC_IO
            Required Capabilitites: DIGITAL, ROUTABLE
            Initial Value: 0
            IO Voltage: 0
        PORT MAP (
            pa_out => Pin_RE1(0)__PA ,
            input => Net_147 ,
            pad => Pin_RE1(0)_PAD );

    Pin : Name = Pin_RE1(1)
        Attributes:
            In Group/Port: True
            In Sync Option: AUTO
            Out Sync Option: NOSYNC
            Interrupt generated: False
            Interrupt mode: NONE
            Drive mode: CMOS_OUT
            VTrip: EITHER
            Slew: FAST
            Input Sync needed: False
            Output Sync needed: False
            SC shield enabled: False
            POR State: ANY
            LCD Mode: COMMON
            Register Mode: RegComb
            CaSense Mode: NEITHER
            Treat as pin: False
            Is OE Registered: False
            Uses Analog: False
            Can contain Digital: True
            Is SIO: False
            SIO Output Buf: NONREGULATED
            SIO Input Buf: SINGLE_ENDED
            SIO HiFreq: LOW
            SIO Hyst: DISABLED
            SIO Vtrip: MULTIPLIER_0_5
            SIO Multiplier Index: 0
            SIO RefSel: VCC_IO
            Required Capabilitites: DIGITAL, ROUTABLE
            Initial Value: 0
            IO Voltage: 0
        PORT MAP (
            pa_out => Pin_RE1(1)__PA ,
            input => Net_152 ,
            pad => Pin_RE1(1)_PAD );
    </CYPRESSTAG>
    <CYPRESSTAG name="Macrocell listing" icon="FILE_RPT_EQUATION">

    ------------------------------------------------------------
    Macrocell listing
    ------------------------------------------------------------

    MacroCell: Name=\I2S_1:bI2S:tx_underflow_0\, Mode=(Combinatorial)
        Total # of inputs        : 5
        Total # of product terms : 2
            Clock Enable: True
        Main Equation            : 2 pterms
        (
              !\I2S_1:bI2S:tx_state_2\ * !\I2S_1:bI2S:tx_state_1\ * 
              \I2S_1:bI2S:tx_state_0\ * \I2S_1:bI2S:tx_f0_empty_0\
            + \I2S_1:bI2S:tx_state_2\ * !\I2S_1:bI2S:tx_state_1\ * 
              !\I2S_1:bI2S:tx_state_0\ * \I2S_1:bI2S:tx_f1_empty_0\
        );
        Output = \I2S_1:bI2S:tx_underflow_0\ (fanout=1)

    MacroCell: Name=\I2S_1:bI2S:reset\, Mode=(D-Register)
        Total # of inputs        : 1
        Total # of product terms : 1
        List of special equations: 
            Clock  = (Net_22) => Global
            Clock Enable: True
        Main Equation            : 1 pterm
        (
              !\I2S_1:bI2S:ctrl_2\
        );
        Output = \I2S_1:bI2S:reset\ (fanout=1)

    MacroCell: Name=Net_4, Mode=(D-Register)
        Total # of inputs        : 2
        Total # of product terms : 1
        List of special equations: 
            Clock  = (Net_22) => Global
            Clock Enable: True
        Main Equation            : 1 pterm
        (
              !\I2S_1:bI2S:reset\ * !\I2S_1:bI2S:count_6\
        );
        Output = Net_4 (fanout=1)

    MacroCell: Name=\I2S_1:bI2S:tx_underflow_sticky\, Mode=(D-Register)
        Total # of inputs        : 7
        Total # of product terms : 3
        List of special equations: 
            Clock  = (Net_22) => Global
            Clock Enable: True
        Main Equation            : 3 pterms
        (
              \I2S_1:bI2S:ctrl_0\ * \I2S_1:bI2S:tx_underflow_sticky\
            + \I2S_1:bI2S:ctrl_0\ * !\I2S_1:bI2S:tx_state_2\ * 
              !\I2S_1:bI2S:tx_state_1\ * \I2S_1:bI2S:tx_state_0\ * 
              \I2S_1:bI2S:tx_f0_empty_0\
            + \I2S_1:bI2S:ctrl_0\ * \I2S_1:bI2S:tx_state_2\ * 
              !\I2S_1:bI2S:tx_state_1\ * !\I2S_1:bI2S:tx_state_0\ * 
              \I2S_1:bI2S:tx_f1_empty_0\
        );
        Output = \I2S_1:bI2S:tx_underflow_sticky\ (fanout=2)

    MacroCell: Name=\I2S_1:bI2S:txenable\, Mode=(D-Register)
        Total # of inputs        : 11
        Total # of product terms : 8
        List of special equations: 
            Clock  = (Net_22) => Global
            Clock Enable: True
        Main Equation            : 8 pterms
        (
              \I2S_1:bI2S:ctrl_2\ * \I2S_1:bI2S:count_6\ * 
              !\I2S_1:bI2S:tx_underflow_sticky\ * \I2S_1:bI2S:txenable\
            + \I2S_1:bI2S:ctrl_2\ * \I2S_1:bI2S:count_5\ * 
              !\I2S_1:bI2S:tx_underflow_sticky\ * \I2S_1:bI2S:txenable\
            + \I2S_1:bI2S:ctrl_2\ * \I2S_1:bI2S:count_4\ * 
              !\I2S_1:bI2S:tx_underflow_sticky\ * \I2S_1:bI2S:txenable\
            + \I2S_1:bI2S:ctrl_2\ * \I2S_1:bI2S:count_3\ * 
              !\I2S_1:bI2S:tx_underflow_sticky\ * \I2S_1:bI2S:txenable\
            + \I2S_1:bI2S:ctrl_2\ * \I2S_1:bI2S:count_2\ * 
              !\I2S_1:bI2S:tx_underflow_sticky\ * \I2S_1:bI2S:txenable\
            + \I2S_1:bI2S:ctrl_2\ * \I2S_1:bI2S:count_1\ * 
              !\I2S_1:bI2S:tx_underflow_sticky\ * \I2S_1:bI2S:txenable\
            + \I2S_1:bI2S:ctrl_2\ * Net_3 * !\I2S_1:bI2S:tx_underflow_sticky\ * 
              \I2S_1:bI2S:txenable\
            + \I2S_1:bI2S:ctrl_0\ * !\I2S_1:bI2S:count_6\ * 
              !\I2S_1:bI2S:count_5\ * !\I2S_1:bI2S:count_4\ * 
              !\I2S_1:bI2S:count_3\ * !\I2S_1:bI2S:count_2\ * 
              !\I2S_1:bI2S:count_1\ * !Net_3 * 
              !\I2S_1:bI2S:tx_underflow_sticky\
        );
        Output = \I2S_1:bI2S:txenable\ (fanout=4)

    MacroCell: Name=\I2S_1:bI2S:tx_state_2\, Mode=(D-Register)
        Total # of inputs        : 8
        Total # of product terms : 3
        List of special equations: 
            Clock  = (Net_22) => Global
            Clock Enable: True
        Main Equation            : 3 pterms
        (
              !\I2S_1:bI2S:count_6\ * \I2S_1:bI2S:count_3\ * 
              \I2S_1:bI2S:count_2\ * \I2S_1:bI2S:count_1\ * 
              !\I2S_1:bI2S:tx_state_1\ * !\I2S_1:bI2S:tx_state_0\
            + !\I2S_1:bI2S:txenable\
            + \I2S_1:bI2S:tx_state_2\ * !\I2S_1:bI2S:tx_state_1\ * 
              !\I2S_1:bI2S:tx_state_0\
        );
        Output = \I2S_1:bI2S:tx_state_2\ (fanout=6)

    MacroCell: Name=\I2S_1:bI2S:tx_state_1\, Mode=(D-Register)
        Total # of inputs        : 7
        Total # of product terms : 4
        List of special equations: 
            Clock  = (Net_22) => Global
            Clock Enable: True
        Main Equation            : 4 pterms
        !(
              \I2S_1:bI2S:count_3\ * \I2S_1:bI2S:count_2\ * 
              \I2S_1:bI2S:count_1\ * \I2S_1:bI2S:txenable\ * 
              !\I2S_1:bI2S:tx_state_2\
            + \I2S_1:bI2S:txenable\ * !\I2S_1:bI2S:tx_state_2\ * 
              \I2S_1:bI2S:tx_state_0\
            + \I2S_1:bI2S:txenable\ * \I2S_1:bI2S:tx_state_2\ * 
              !\I2S_1:bI2S:tx_state_0\
            + \I2S_1:bI2S:txenable\ * \I2S_1:bI2S:tx_state_1\
        );
        Output = \I2S_1:bI2S:tx_state_1\ (fanout=6)

    MacroCell: Name=\I2S_1:bI2S:tx_state_0\, Mode=(D-Register)
        Total # of inputs        : 8
        Total # of product terms : 4
        List of special equations: 
            Clock  = (Net_22) => Global
            Clock Enable: True
        Main Equation            : 4 pterms
        (
              \I2S_1:bI2S:count_6\ * \I2S_1:bI2S:count_3\ * 
              \I2S_1:bI2S:count_2\ * \I2S_1:bI2S:count_1\ * 
              !\I2S_1:bI2S:tx_state_1\ * !\I2S_1:bI2S:tx_state_0\
            + !\I2S_1:bI2S:txenable\
            + \I2S_1:bI2S:tx_state_2\ * !\I2S_1:bI2S:tx_state_1\ * 
              !\I2S_1:bI2S:tx_state_0\
            + \I2S_1:bI2S:tx_state_2\ * \I2S_1:bI2S:tx_state_1\ * 
              \I2S_1:bI2S:tx_state_0\
        );
        Output = \I2S_1:bI2S:tx_state_0\ (fanout=6)

    MacroCell: Name=Net_5_0, Mode=(D-Register)
        Total # of inputs        : 3
        Total # of product terms : 2
        List of special equations: 
            Clock  = (Net_22) => Global
            Clock Enable: True
        Main Equation            : 2 pterms
        (
              !Net_3 * Net_5_0
            + Net_3 * \I2S_1:bI2S:tx_data_out_0\
        );
        Output = Net_5_0 (fanout=2)

    MacroCell: Name=Net_131, Mode=(D-Register)
        Total # of inputs        : 1
        Total # of product terms : 1
        List of special equations: 
            Clock  = (Net_97) => Global
            Clock Enable: True
        Main Equation            : 1 pterm
        (
              Net_96_SYNCOUT
        );
        Output = Net_131 (fanout=1)

    MacroCell: Name=Net_132, Mode=(D-Register)
        Total # of inputs        : 1
        Total # of product terms : 1
        List of special equations: 
            Clock  = (Net_97) => Global
            Clock Enable: True
        Main Equation            : 1 pterm
        (
              Net_105_SYNCOUT
        );
        Output = Net_132 (fanout=1)

    MacroCell: Name=Net_147, Mode=(D-Register)
        Total # of inputs        : 1
        Total # of product terms : 1
        List of special equations: 
            Clock  = (Net_97) => Global
            Clock Enable: True
        Main Equation            : 1 pterm
        (
              Net_145_SYNCOUT
        );
        Output = Net_147 (fanout=1)

    MacroCell: Name=Net_152, Mode=(D-Register)
        Total # of inputs        : 1
        Total # of product terms : 1
        List of special equations: 
            Clock  = (Net_97) => Global
            Clock Enable: True
        Main Equation            : 1 pterm
        (
              Net_151_SYNCOUT
        );
        Output = Net_152 (fanout=1)
    </CYPRESSTAG>
    <CYPRESSTAG name="Datapath listing">

    ------------------------------------------------------------
    Datapath listing
    ------------------------------------------------------------

    datapathcell: Name =\I2S_1:bI2S:Tx:CH[0]:dpTx:u0\
        PORT MAP (
            clock => Net_22 ,
            cs_addr_2 => \I2S_1:bI2S:tx_state_2\ ,
            cs_addr_1 => \I2S_1:bI2S:tx_state_1\ ,
            cs_addr_0 => \I2S_1:bI2S:tx_state_0\ ,
            so_comb => \I2S_1:bI2S:tx_data_out_0\ ,
            f0_bus_stat_comb => Net_73_0 ,
            f0_blk_stat_comb => \I2S_1:bI2S:tx_f0_empty_0\ ,
            f1_bus_stat_comb => Net_76_0 ,
            f1_blk_stat_comb => \I2S_1:bI2S:tx_f1_empty_0\ );
        Properties:
        {
            a0_init = "00000000"
            a1_init = "00000000"
            ce0_sync = 1
            ce1_sync = 1
            cl0_sync = 1
            cl1_sync = 1
            cmsb_sync = 1
            co_msb_sync = 1
            cy_dpconfig = "0000000000000000000000001100000000000001010000000000000010000000000000000011000000010000010000000000000000010000101010000100000011111111000000001111111111111111000000000000000000000000000000000000000000000100"
            d0_init = "00000000"
            d1_init = "00000000"
            f0_blk_sync = 1
            f0_bus_sync = 1
            f1_blk_sync = 1
            f1_bus_sync = 1
            ff0_sync = 1
            ff1_sync = 1
            ov_msb_sync = 1
            so_sync = 1
            z0_sync = 1
            z1_sync = 1
        }
        Clock Polarity: Active High
        Clock Enable: True
    </CYPRESSTAG>
    <CYPRESSTAG name="Status register listing">
    </CYPRESSTAG>
    <CYPRESSTAG name="StatusI register listing">

    ------------------------------------------------------------
    StatusI register listing
    ------------------------------------------------------------

    statusicell: Name =\I2S_1:bI2S:Tx:STS[0]:Sts\
        PORT MAP (
            clock => Net_22 ,
            status_2 => Net_76_0 ,
            status_1 => Net_73_0 ,
            status_0 => \I2S_1:bI2S:tx_underflow_0\ ,
            interrupt => Net_29 );
        Properties:
        {
            cy_force_order = 1
            cy_int_mask = "0000000"
            cy_md_select = "0000001"
        }
        Clock Polarity: Active High
        Clock Enable: True
    </CYPRESSTAG>
    <CYPRESSTAG name="Sync listing">

    ------------------------------------------------------------
    Sync listing
    ------------------------------------------------------------

    synccell: Name =Pin_RE1_In(1)_SYNC
        PORT MAP (
            in => Net_151 ,
            out => Net_151_SYNCOUT ,
            clock => ClockBlock_BUS_CLK );
        Clock Polarity: Active High
        Clock Enable: True

    synccell: Name =Pin_RE1_In(0)_SYNC
        PORT MAP (
            in => Net_145 ,
            out => Net_145_SYNCOUT ,
            clock => ClockBlock_BUS_CLK );
        Clock Polarity: Active High
        Clock Enable: True

    synccell: Name =Pin_RE0_In(1)_SYNC
        PORT MAP (
            in => Net_105 ,
            out => Net_105_SYNCOUT ,
            clock => ClockBlock_BUS_CLK );
        Clock Polarity: Active High
        Clock Enable: True

    synccell: Name =Pin_RE0_In(0)_SYNC
        PORT MAP (
            in => Net_96 ,
            out => Net_96_SYNCOUT ,
            clock => ClockBlock_BUS_CLK );
        Clock Polarity: Active High
        Clock Enable: True
    </CYPRESSTAG>
    <CYPRESSTAG name="Control register listing">

    ------------------------------------------------------------
    Control register listing
    ------------------------------------------------------------

    controlcell: Name =\I2S_1:bI2S:CtlReg\
        PORT MAP (
            clock => Net_22 ,
            control_7 => \I2S_1:bI2S:ctrl_7\ ,
            control_6 => \I2S_1:bI2S:ctrl_6\ ,
            control_5 => \I2S_1:bI2S:ctrl_5\ ,
            control_4 => \I2S_1:bI2S:ctrl_4\ ,
            control_3 => \I2S_1:bI2S:ctrl_3\ ,
            control_2 => \I2S_1:bI2S:ctrl_2\ ,
            control_1 => \I2S_1:bI2S:ctrl_1\ ,
            control_0 => \I2S_1:bI2S:ctrl_0\ );
        Properties:
        {
            cy_ctrl_mode_0 = "00011111"
            cy_ctrl_mode_1 = "00000000"
            cy_ext_reset = 0
            cy_force_order = 1
            cy_init_value = "00000000"
        }
        Clock Polarity: Active High
        Clock Enable: True
    </CYPRESSTAG>
    <CYPRESSTAG name="Count7 listing">

    ------------------------------------------------------------
    Count7 listing
    ------------------------------------------------------------

    count7cell: Name =\I2S_1:bI2S:BitCounter\
        PORT MAP (
            clock => Net_22 ,
            enable => \I2S_1:bI2S:ctrl_2\ ,
            count_6 => \I2S_1:bI2S:count_6\ ,
            count_5 => \I2S_1:bI2S:count_5\ ,
            count_4 => \I2S_1:bI2S:count_4\ ,
            count_3 => \I2S_1:bI2S:count_3\ ,
            count_2 => \I2S_1:bI2S:count_2\ ,
            count_1 => \I2S_1:bI2S:count_1\ ,
            count_0 => Net_3 );
        Properties:
        {
            cy_alt_mode = 0
            cy_init_value = "0000000"
            cy_period = "1111111"
            cy_route_en = 1
            cy_route_ld = 0
        }
        Clock Polarity: Active High
        Clock Enable: True
    </CYPRESSTAG>
    <CYPRESSTAG name="DRQ listing">

    ------------------------------------------------------------
    DRQ listing
    ------------------------------------------------------------

    drqcell: Name =DMA_0
        PORT MAP (
            dmareq => Net_73_0 ,
            termin => zero ,
            termout => Net_81 );
        Properties:
        {
            drq_type = "01"
            num_tds = 0
        }

    drqcell: Name =DMA_1
        PORT MAP (
            dmareq => Net_76_0 ,
            termin => zero ,
            termout => Net_82 );
        Properties:
        {
            drq_type = "01"
            num_tds = 0
        }
    </CYPRESSTAG>
    <CYPRESSTAG name="Interrupt listing">

    ------------------------------------------------------------
    Interrupt listing
    ------------------------------------------------------------

    interrupt: Name =ISR_I2S_1_TX
        PORT MAP (
            interrupt => Net_29 );
        Properties:
        {
            int_type = "10"
        }

    interrupt: Name =ISR_DMA_0_Done
        PORT MAP (
            interrupt => Net_81 );
        Properties:
        {
            int_type = "10"
        }

    interrupt: Name =ISR_DMA_1_Done
        PORT MAP (
            interrupt => Net_82 );
        Properties:
        {
            int_type = "10"
        }
    </CYPRESSTAG>
</CYPRESSTAG>
<CYPRESSTAG name="Technology mapping summary" expanded>

------------------------------------------------------------
Technology mapping summary
------------------------------------------------------------

Resource Type                 : Used : Free :  Max :  % Used
============================================================
Digital Clocks                :    2 :    6 :    8 : 25.00 %
Analog Clocks                 :    0 :    4 :    4 :  0.00 %
CapSense Buffers              :    0 :    2 :    2 :  0.00 %
Digital Filter Block          :    0 :    1 :    1 :  0.00 %
Interrupts                    :    3 :   29 :   32 :  9.38 %
IO                            :   17 :   31 :   48 : 35.42 %
Segment LCD                   :    0 :    1 :    1 :  0.00 %
CAN 2.0b                      :    0 :    1 :    1 :  0.00 %
I2C                           :    0 :    1 :    1 :  0.00 %
USB                           :    0 :    1 :    1 :  0.00 %
DMA Channels                  :    2 :   22 :   24 :  8.33 %
Timer                         :    0 :    4 :    4 :  0.00 %
UDB                           :      :      :      :        
  Macrocells                  :   13 :  179 :  192 :  6.77 %
  Unique P-terms              :   30 :  354 :  384 :  7.81 %
  Total P-terms               :   32 :      :      :        
  Datapath Cells              :    1 :   23 :   24 :  4.17 %
  Status Cells                :    3 :   21 :   24 : 12.50 %
    StatusI Registers         :    1 :      :      :        
    Sync Cells (x4)           :    1 :      :      :        
    Routed Count7 Load/Enable :    1 :      :      :        
  Control Cells               :    2 :   22 :   24 :  8.33 %
    Control Registers         :    1 :      :      :        
    Count7 Cells              :    1 :      :      :        
Opamp                         :    0 :    4 :    4 :  0.00 %
Comparator                    :    0 :    4 :    4 :  0.00 %
Delta-Sigma ADC               :    0 :    1 :    1 :  0.00 %
LPF                           :    0 :    2 :    2 :  0.00 %
SAR ADC                       :    0 :    2 :    2 :  0.00 %
Analog (SC/CT) Blocks         :    0 :    4 :    4 :  0.00 %
DAC                           :      :      :      :        
  VIDAC                       :    0 :    4 :    4 :  0.00 %
</CYPRESSTAG>
Technology Mapping: Elapsed time ==> 0s.051ms
Tech mapping phase: Elapsed time ==> 0s.130ms
</CYPRESSTAG>
<CYPRESSTAG name="Analog Placement">
Initial Analog Placement Results:
IO_7@[IOP=(2)][IoId=(7)] : Pin_Check_0(0) (fixed)
IO_6@[IOP=(2)][IoId=(6)] : Pin_Check_1(0) (fixed)
IO_5@[IOP=(2)][IoId=(5)] : Pin_I2S_Clock(0) (fixed)
IO_0@[IOP=(3)][IoId=(0)] : Pin_RE0_In(0) (fixed)
IO_1@[IOP=(3)][IoId=(1)] : Pin_RE0_In(1) (fixed)
IO_2@[IOP=(3)][IoId=(2)] : Pin_RE1_In(0) (fixed)
IO_3@[IOP=(3)][IoId=(3)] : Pin_RE1_In(1) (fixed)
IO_0@[IOP=(2)][IoId=(0)] : SCK_1(0) (fixed)
IO_1@[IOP=(2)][IoId=(1)] : SDO_1(0) (fixed)
IO_2@[IOP=(2)][IoId=(2)] : WS_1(0) (fixed)
Analog Placement phase: Elapsed time ==> 0s.070ms
</CYPRESSTAG>
<CYPRESSTAG name="Analog Routing">
Analog Routing phase: Elapsed time ==> 0s.000ms
</CYPRESSTAG>
<CYPRESSTAG name="Analog Code Generation">
============ Analog Final Answer Routes ============
Dump of CyAnalogRoutingResultsDB
Map of net to items {
}
Map of item to net {
}
Mux Info {
}
Dump of CyP35AnalogRoutingResultsDB
IsVddaHalfUsedForComp = False
IsVddaHalfUsedForSar0 = False
IsVddaHalfUsedForSar1 = False
Analog Code Generation phase: Elapsed time ==> 0s.414ms
</CYPRESSTAG>
<CYPRESSTAG name="Digital Placement">
<CYPRESSTAG name="Detailed placement messages">
I2076: Total run-time: 0.6 sec.

</CYPRESSTAG>
<CYPRESSTAG name="PLD Packing">
<CYPRESSTAG name="PLD Packing Summary" expanded>

------------------------------------------------------------
PLD Packing Summary
------------------------------------------------------------
            Resource Type : Used : Free :  Max :  % Used
    ====================================================
                     PLDs :    8 :   40 :   48 :  16.67%

<CYPRESSTAG name="PLD Statistics">

        PLD Resource Type :     Average/LAB
    =======================================
                   Inputs :            5.25
                   Pterms :            3.75
               Macrocells :            1.63
</CYPRESSTAG>
<CYPRESSTAG name="Packed PLD Contents">
Packed PLD Contents not displayed at this verbose level.</CYPRESSTAG>
</CYPRESSTAG>
PLD Packing: Elapsed time ==> 0s.001ms
</CYPRESSTAG>
<CYPRESSTAG name="Partitioning">
<CYPRESSTAG name="Initial Partitioning Summary">
Initial Partitioning Summary not displayed at this verbose level.</CYPRESSTAG>
<CYPRESSTAG name="Final Partitioning Summary">
Final Partitioning Summary not displayed at this verbose level.</CYPRESSTAG>
Partitioning: Elapsed time ==> 0s.026ms
</CYPRESSTAG>
<CYPRESSTAG name="Simulated Annealing">
Annealing: Elapsed time ==> 0s.002ms
<CYPRESSTAG name="Simulated Annealing Results">
The seed used for moves was 114161200.
Inital cost was 363, final cost is 363 (0.00% improvement).</CYPRESSTAG>
</CYPRESSTAG>
<CYPRESSTAG name="Final Placement Summary">

------------------------------------------------------------
Final Placement Summary
------------------------------------------------------------

       Resource Type :      Count : Avg Inputs : Avg Outputs
    ========================================================
                 UDB :          5 :       7.20 :       2.60
<CYPRESSTAG name="Final Placement Details">
<CYPRESSTAG name="Component Details">

------------------------------------------------------------
Component Placement Details
------------------------------------------------------------
UDB [UDB=(0,0)] contents:
LAB@[UDB=(0,0)][LB=0] #macrocells=4, #inputs=11, #pterms=8
{
    [McSlotId=0]:     MacroCell: Name=\I2S_1:bI2S:tx_state_0\, Mode=(D-Register) @ [UDB=(0,0)][LB=0][MC=0]
        Total # of inputs        : 8
        Total # of product terms : 4
        List of special equations: 
            Clock  = (Net_22) => Global
            Clock Enable: True
        Main Equation            : 4 pterms
        (
              \I2S_1:bI2S:count_6\ * \I2S_1:bI2S:count_3\ * 
              \I2S_1:bI2S:count_2\ * \I2S_1:bI2S:count_1\ * 
              !\I2S_1:bI2S:tx_state_1\ * !\I2S_1:bI2S:tx_state_0\
            + !\I2S_1:bI2S:txenable\
            + \I2S_1:bI2S:tx_state_2\ * !\I2S_1:bI2S:tx_state_1\ * 
              !\I2S_1:bI2S:tx_state_0\
            + \I2S_1:bI2S:tx_state_2\ * \I2S_1:bI2S:tx_state_1\ * 
              \I2S_1:bI2S:tx_state_0\
        );
        Output = \I2S_1:bI2S:tx_state_0\ (fanout=6)
        Properties               : 
        {
        }

    [McSlotId=1]:     MacroCell: Name=\I2S_1:bI2S:tx_underflow_0\, Mode=(Combinatorial) @ [UDB=(0,0)][LB=0][MC=1]
        Total # of inputs        : 5
        Total # of product terms : 2
            Clock Enable: True
        Main Equation            : 2 pterms
        (
              !\I2S_1:bI2S:tx_state_2\ * !\I2S_1:bI2S:tx_state_1\ * 
              \I2S_1:bI2S:tx_state_0\ * \I2S_1:bI2S:tx_f0_empty_0\
            + \I2S_1:bI2S:tx_state_2\ * !\I2S_1:bI2S:tx_state_1\ * 
              !\I2S_1:bI2S:tx_state_0\ * \I2S_1:bI2S:tx_f1_empty_0\
        );
        Output = \I2S_1:bI2S:tx_underflow_0\ (fanout=1)
        Properties               : 
        {
        }

    [McSlotId=2]:     MacroCell: Name=\I2S_1:bI2S:tx_state_2\, Mode=(D-Register) @ [UDB=(0,0)][LB=0][MC=2]
        Total # of inputs        : 8
        Total # of product terms : 3
        List of special equations: 
            Clock  = (Net_22) => Global
            Clock Enable: True
        Main Equation            : 3 pterms
        (
              !\I2S_1:bI2S:count_6\ * \I2S_1:bI2S:count_3\ * 
              \I2S_1:bI2S:count_2\ * \I2S_1:bI2S:count_1\ * 
              !\I2S_1:bI2S:tx_state_1\ * !\I2S_1:bI2S:tx_state_0\
            + !\I2S_1:bI2S:txenable\
            + \I2S_1:bI2S:tx_state_2\ * !\I2S_1:bI2S:tx_state_1\ * 
              !\I2S_1:bI2S:tx_state_0\
        );
        Output = \I2S_1:bI2S:tx_state_2\ (fanout=6)
        Properties               : 
        {
        }

    [McSlotId=3]:     MacroCell: Name=\I2S_1:bI2S:reset\, Mode=(D-Register) @ [UDB=(0,0)][LB=0][MC=3]
        Total # of inputs        : 1
        Total # of product terms : 1
        List of special equations: 
            Clock  = (Net_22) => Global
            Clock Enable: True
        Main Equation            : 1 pterm
        (
              !\I2S_1:bI2S:ctrl_2\
        );
        Output = \I2S_1:bI2S:reset\ (fanout=1)
        Properties               : 
        {
        }
}

LAB@[UDB=(0,0)][LB=1] #macrocells=1, #inputs=3, #pterms=2
{
    [McSlotId=0]:     MacroCell: Name=Net_5_0, Mode=(D-Register) @ [UDB=(0,0)][LB=1][MC=0]
        Total # of inputs        : 3
        Total # of product terms : 2
        List of special equations: 
            Clock  = (Net_22) => Global
            Clock Enable: True
        Main Equation            : 2 pterms
        (
              !Net_3 * Net_5_0
            + Net_3 * \I2S_1:bI2S:tx_data_out_0\
        );
        Output = Net_5_0 (fanout=2)
        Properties               : 
        {
        }

    [McSlotId=1]: (empty)
    [McSlotId=2]: (empty)
    [McSlotId=3]: (empty)
}

datapathcell: Name =\I2S_1:bI2S:Tx:CH[0]:dpTx:u0\
    PORT MAP (
        clock => Net_22 ,
        cs_addr_2 => \I2S_1:bI2S:tx_state_2\ ,
        cs_addr_1 => \I2S_1:bI2S:tx_state_1\ ,
        cs_addr_0 => \I2S_1:bI2S:tx_state_0\ ,
        so_comb => \I2S_1:bI2S:tx_data_out_0\ ,
        f0_bus_stat_comb => Net_73_0 ,
        f0_blk_stat_comb => \I2S_1:bI2S:tx_f0_empty_0\ ,
        f1_bus_stat_comb => Net_76_0 ,
        f1_blk_stat_comb => \I2S_1:bI2S:tx_f1_empty_0\ );
    Properties:
    {
        a0_init = "00000000"
        a1_init = "00000000"
        ce0_sync = 1
        ce1_sync = 1
        cl0_sync = 1
        cl1_sync = 1
        cmsb_sync = 1
        co_msb_sync = 1
        cy_dpconfig = "0000000000000000000000001100000000000001010000000000000010000000000000000011000000010000010000000000000000010000101010000100000011111111000000001111111111111111000000000000000000000000000000000000000000000100"
        d0_init = "00000000"
        d1_init = "00000000"
        f0_blk_sync = 1
        f0_bus_sync = 1
        f1_blk_sync = 1
        f1_bus_sync = 1
        ff0_sync = 1
        ff1_sync = 1
        ov_msb_sync = 1
        so_sync = 1
        z0_sync = 1
        z1_sync = 1
    }
    Clock Polarity: Active High
    Clock Enable: True

statusicell: Name =\I2S_1:bI2S:Tx:STS[0]:Sts\
    PORT MAP (
        clock => Net_22 ,
        status_2 => Net_76_0 ,
        status_1 => Net_73_0 ,
        status_0 => \I2S_1:bI2S:tx_underflow_0\ ,
        interrupt => Net_29 );
    Properties:
    {
        cy_force_order = 1
        cy_int_mask = "0000000"
        cy_md_select = "0000001"
    }
    Clock Polarity: Active High
    Clock Enable: True

controlcell: Name =\I2S_1:bI2S:CtlReg\
    PORT MAP (
        clock => Net_22 ,
        control_7 => \I2S_1:bI2S:ctrl_7\ ,
        control_6 => \I2S_1:bI2S:ctrl_6\ ,
        control_5 => \I2S_1:bI2S:ctrl_5\ ,
        control_4 => \I2S_1:bI2S:ctrl_4\ ,
        control_3 => \I2S_1:bI2S:ctrl_3\ ,
        control_2 => \I2S_1:bI2S:ctrl_2\ ,
        control_1 => \I2S_1:bI2S:ctrl_1\ ,
        control_0 => \I2S_1:bI2S:ctrl_0\ );
    Properties:
    {
        cy_ctrl_mode_0 = "00011111"
        cy_ctrl_mode_1 = "00000000"
        cy_ext_reset = 0
        cy_force_order = 1
        cy_init_value = "00000000"
    }
    Clock Polarity: Active High
    Clock Enable: True

UDB [UDB=(0,1)] contents:
LAB@[UDB=(0,1)][LB=0] #macrocells=1, #inputs=11, #pterms=8
{
    [McSlotId=0]:     MacroCell: Name=\I2S_1:bI2S:txenable\, Mode=(D-Register) @ [UDB=(0,1)][LB=0][MC=0]
        Total # of inputs        : 11
        Total # of product terms : 8
        List of special equations: 
            Clock  = (Net_22) => Global
            Clock Enable: True
        Main Equation            : 8 pterms
        (
              \I2S_1:bI2S:ctrl_2\ * \I2S_1:bI2S:count_6\ * 
              !\I2S_1:bI2S:tx_underflow_sticky\ * \I2S_1:bI2S:txenable\
            + \I2S_1:bI2S:ctrl_2\ * \I2S_1:bI2S:count_5\ * 
              !\I2S_1:bI2S:tx_underflow_sticky\ * \I2S_1:bI2S:txenable\
            + \I2S_1:bI2S:ctrl_2\ * \I2S_1:bI2S:count_4\ * 
              !\I2S_1:bI2S:tx_underflow_sticky\ * \I2S_1:bI2S:txenable\
            + \I2S_1:bI2S:ctrl_2\ * \I2S_1:bI2S:count_3\ * 
              !\I2S_1:bI2S:tx_underflow_sticky\ * \I2S_1:bI2S:txenable\
            + \I2S_1:bI2S:ctrl_2\ * \I2S_1:bI2S:count_2\ * 
              !\I2S_1:bI2S:tx_underflow_sticky\ * \I2S_1:bI2S:txenable\
            + \I2S_1:bI2S:ctrl_2\ * \I2S_1:bI2S:count_1\ * 
              !\I2S_1:bI2S:tx_underflow_sticky\ * \I2S_1:bI2S:txenable\
            + \I2S_1:bI2S:ctrl_2\ * Net_3 * !\I2S_1:bI2S:tx_underflow_sticky\ * 
              \I2S_1:bI2S:txenable\
            + \I2S_1:bI2S:ctrl_0\ * !\I2S_1:bI2S:count_6\ * 
              !\I2S_1:bI2S:count_5\ * !\I2S_1:bI2S:count_4\ * 
              !\I2S_1:bI2S:count_3\ * !\I2S_1:bI2S:count_2\ * 
              !\I2S_1:bI2S:count_1\ * !Net_3 * 
              !\I2S_1:bI2S:tx_underflow_sticky\
        );
        Output = \I2S_1:bI2S:txenable\ (fanout=4)
        Properties               : 
        {
        }

    [McSlotId=1]: (empty)
    [McSlotId=2]: (empty)
    [McSlotId=3]: (empty)
}

LAB@[UDB=(0,1)][LB=1] #macrocells=2, #inputs=11, #pterms=7
{
    [McSlotId=0]:     MacroCell: Name=\I2S_1:bI2S:tx_underflow_sticky\, Mode=(D-Register) @ [UDB=(0,1)][LB=1][MC=0]
        Total # of inputs        : 7
        Total # of product terms : 3
        List of special equations: 
            Clock  = (Net_22) => Global
            Clock Enable: True
        Main Equation            : 3 pterms
        (
              \I2S_1:bI2S:ctrl_0\ * \I2S_1:bI2S:tx_underflow_sticky\
            + \I2S_1:bI2S:ctrl_0\ * !\I2S_1:bI2S:tx_state_2\ * 
              !\I2S_1:bI2S:tx_state_1\ * \I2S_1:bI2S:tx_state_0\ * 
              \I2S_1:bI2S:tx_f0_empty_0\
            + \I2S_1:bI2S:ctrl_0\ * \I2S_1:bI2S:tx_state_2\ * 
              !\I2S_1:bI2S:tx_state_1\ * !\I2S_1:bI2S:tx_state_0\ * 
              \I2S_1:bI2S:tx_f1_empty_0\
        );
        Output = \I2S_1:bI2S:tx_underflow_sticky\ (fanout=2)
        Properties               : 
        {
        }

    [McSlotId=1]:     MacroCell: Name=\I2S_1:bI2S:tx_state_1\, Mode=(D-Register) @ [UDB=(0,1)][LB=1][MC=1]
        Total # of inputs        : 7
        Total # of product terms : 4
        List of special equations: 
            Clock  = (Net_22) => Global
            Clock Enable: True
        Main Equation            : 4 pterms
        !(
              \I2S_1:bI2S:count_3\ * \I2S_1:bI2S:count_2\ * 
              \I2S_1:bI2S:count_1\ * \I2S_1:bI2S:txenable\ * 
              !\I2S_1:bI2S:tx_state_2\
            + \I2S_1:bI2S:txenable\ * !\I2S_1:bI2S:tx_state_2\ * 
              \I2S_1:bI2S:tx_state_0\
            + \I2S_1:bI2S:txenable\ * \I2S_1:bI2S:tx_state_2\ * 
              !\I2S_1:bI2S:tx_state_0\
            + \I2S_1:bI2S:txenable\ * \I2S_1:bI2S:tx_state_1\
        );
        Output = \I2S_1:bI2S:tx_state_1\ (fanout=6)
        Properties               : 
        {
        }

    [McSlotId=2]: (empty)
    [McSlotId=3]: (empty)
}

count7cell: Name =\I2S_1:bI2S:BitCounter\
    PORT MAP (
        clock => Net_22 ,
        enable => \I2S_1:bI2S:ctrl_2\ ,
        count_6 => \I2S_1:bI2S:count_6\ ,
        count_5 => \I2S_1:bI2S:count_5\ ,
        count_4 => \I2S_1:bI2S:count_4\ ,
        count_3 => \I2S_1:bI2S:count_3\ ,
        count_2 => \I2S_1:bI2S:count_2\ ,
        count_1 => \I2S_1:bI2S:count_1\ ,
        count_0 => Net_3 );
    Properties:
    {
        cy_alt_mode = 0
        cy_init_value = "0000000"
        cy_period = "1111111"
        cy_route_en = 1
        cy_route_ld = 0
    }
    Clock Polarity: Active High
    Clock Enable: True

UDB [UDB=(0,2)] is empty.
UDB [UDB=(0,3)] is empty.
UDB [UDB=(0,4)] is empty.
UDB [UDB=(0,5)] is empty.
UDB [UDB=(1,0)] contents:
LAB@[UDB=(1,0)][LB=0] #macrocells=1, #inputs=2, #pterms=1
{
    [McSlotId=0]:     MacroCell: Name=Net_4, Mode=(D-Register) @ [UDB=(1,0)][LB=0][MC=0]
        Total # of inputs        : 2
        Total # of product terms : 1
        List of special equations: 
            Clock  = (Net_22) => Global
            Clock Enable: True
        Main Equation            : 1 pterm
        (
              !\I2S_1:bI2S:reset\ * !\I2S_1:bI2S:count_6\
        );
        Output = Net_4 (fanout=1)
        Properties               : 
        {
        }

    [McSlotId=1]: (empty)
    [McSlotId=2]: (empty)
    [McSlotId=3]: (empty)
}

LAB@[UDB=(1,0)][LB=1] #macrocells=1, #inputs=1, #pterms=1
{
    [McSlotId=0]:     MacroCell: Name=Net_147, Mode=(D-Register) @ [UDB=(1,0)][LB=1][MC=0]
        Total # of inputs        : 1
        Total # of product terms : 1
        List of special equations: 
            Clock  = (Net_97) => Global
            Clock Enable: True
        Main Equation            : 1 pterm
        (
              Net_145_SYNCOUT
        );
        Output = Net_147 (fanout=1)
        Properties               : 
        {
        }

    [McSlotId=1]: (empty)
    [McSlotId=2]: (empty)
    [McSlotId=3]: (empty)
}

synccell: Name =Pin_RE1_In(0)_SYNC
    PORT MAP (
        in => Net_145 ,
        out => Net_145_SYNCOUT ,
        clock => ClockBlock_BUS_CLK );
    Properties:
    {
    }
    Clock Polarity: Active High
    Clock Enable: True

UDB [UDB=(1,1)] is empty.
UDB [UDB=(1,2)] is empty.
UDB [UDB=(1,3)] is empty.
UDB [UDB=(1,4)] is empty.
UDB [UDB=(1,5)] is empty.
UDB [UDB=(2,0)] is empty.
UDB [UDB=(2,1)] contents:
LAB@[UDB=(2,1)][LB=0] #macrocells=2, #inputs=2, #pterms=2
{
    [McSlotId=0]: (empty)
    [McSlotId=1]:     MacroCell: Name=Net_152, Mode=(D-Register) @ [UDB=(2,1)][LB=0][MC=1]
        Total # of inputs        : 1
        Total # of product terms : 1
        List of special equations: 
            Clock  = (Net_97) => Global
            Clock Enable: True
        Main Equation            : 1 pterm
        (
              Net_151_SYNCOUT
        );
        Output = Net_152 (fanout=1)
        Properties               : 
        {
        }

    [McSlotId=2]:     MacroCell: Name=Net_131, Mode=(D-Register) @ [UDB=(2,1)][LB=0][MC=2]
        Total # of inputs        : 1
        Total # of product terms : 1
        List of special equations: 
            Clock  = (Net_97) => Global
            Clock Enable: True
        Main Equation            : 1 pterm
        (
              Net_96_SYNCOUT
        );
        Output = Net_131 (fanout=1)
        Properties               : 
        {
        }

    [McSlotId=3]: (empty)
}

synccell: Name =Pin_RE1_In(1)_SYNC
    PORT MAP (
        in => Net_151 ,
        out => Net_151_SYNCOUT ,
        clock => ClockBlock_BUS_CLK );
    Properties:
    {
    }
    Clock Polarity: Active High
    Clock Enable: True

synccell: Name =Pin_RE0_In(0)_SYNC
    PORT MAP (
        in => Net_96 ,
        out => Net_96_SYNCOUT ,
        clock => ClockBlock_BUS_CLK );
    Properties:
    {
    }
    Clock Polarity: Active High
    Clock Enable: True

UDB [UDB=(2,2)] is empty.
UDB [UDB=(2,3)] is empty.
UDB [UDB=(2,4)] is empty.
UDB [UDB=(2,5)] is empty.
UDB [UDB=(3,0)] is empty.
UDB [UDB=(3,1)] contents:
LAB@[UDB=(3,1)][LB=0] #macrocells=1, #inputs=1, #pterms=1
{
    [McSlotId=0]:     MacroCell: Name=Net_132, Mode=(D-Register) @ [UDB=(3,1)][LB=0][MC=0]
        Total # of inputs        : 1
        Total # of product terms : 1
        List of special equations: 
            Clock  = (Net_97) => Global
            Clock Enable: True
        Main Equation            : 1 pterm
        (
              Net_105_SYNCOUT
        );
        Output = Net_132 (fanout=1)
        Properties               : 
        {
        }

    [McSlotId=1]: (empty)
    [McSlotId=2]: (empty)
    [McSlotId=3]: (empty)
}

synccell: Name =Pin_RE0_In(1)_SYNC
    PORT MAP (
        in => Net_105 ,
        out => Net_105_SYNCOUT ,
        clock => ClockBlock_BUS_CLK );
    Properties:
    {
    }
    Clock Polarity: Active High
    Clock Enable: True

UDB [UDB=(3,2)] is empty.
UDB [UDB=(3,3)] is empty.
UDB [UDB=(3,4)] is empty.
UDB [UDB=(3,5)] is empty.
Intr container @ [IntrContainer=(0)]: 
  Intr@ [IntrContainer=(0)][IntrId=(0)] 
    interrupt: Name =ISR_DMA_0_Done
        PORT MAP (
            interrupt => Net_81 );
        Properties:
        {
            int_type = "10"
        }
  Intr@ [IntrContainer=(0)][IntrId=(1)] 
    interrupt: Name =ISR_DMA_1_Done
        PORT MAP (
            interrupt => Net_82 );
        Properties:
        {
            int_type = "10"
        }
  Intr@ [IntrContainer=(0)][IntrId=(2)] 
    interrupt: Name =ISR_I2S_1_TX
        PORT MAP (
            interrupt => Net_29 );
        Properties:
        {
            int_type = "10"
        }
Drq container @ [DrqContainer=(0)]: 
  Dma@ [DrqContainer=(0)][DrqId=(0)] 
    drqcell: Name =DMA_0
        PORT MAP (
            dmareq => Net_73_0 ,
            termin => zero ,
            termout => Net_81 );
        Properties:
        {
            drq_type = "01"
            num_tds = 0
        }
  Dma@ [DrqContainer=(0)][DrqId=(1)] 
    drqcell: Name =DMA_1
        PORT MAP (
            dmareq => Net_76_0 ,
            termin => zero ,
            termout => Net_82 );
        Properties:
        {
            drq_type = "01"
            num_tds = 0
        }
Port 0 contains the following IO cells:
[IoId=0]: 
Pin : Name = Pin_RE1(0)
    Attributes:
        In Group/Port: True
        In Sync Option: AUTO
        Out Sync Option: NOSYNC
        Interrupt generated: False
        Interrupt mode: NONE
        Drive mode: CMOS_OUT
        VTrip: EITHER
        Slew: FAST
        Input Sync needed: False
        Output Sync needed: False
        SC shield enabled: False
        POR State: ANY
        LCD Mode: COMMON
        Register Mode: RegComb
        CaSense Mode: NEITHER
        Treat as pin: False
        Is OE Registered: False
        Uses Analog: False
        Can contain Digital: True
        Is SIO: False
        SIO Output Buf: NONREGULATED
        SIO Input Buf: SINGLE_ENDED
        SIO HiFreq: LOW
        SIO Hyst: DISABLED
        SIO Vtrip: MULTIPLIER_0_5
        SIO Multiplier Index: 0
        SIO RefSel: VCC_IO
        Required Capabilitites: DIGITAL, ROUTABLE
        Initial Value: 0
        IO Voltage: 0
    PORT MAP (
        pa_out => Pin_RE1(0)__PA ,
        input => Net_147 ,
        pad => Pin_RE1(0)_PAD );
    Properties:
    {
    }

[IoId=1]: 
Pin : Name = Pin_RE1(1)
    Attributes:
        In Group/Port: True
        In Sync Option: AUTO
        Out Sync Option: NOSYNC
        Interrupt generated: False
        Interrupt mode: NONE
        Drive mode: CMOS_OUT
        VTrip: EITHER
        Slew: FAST
        Input Sync needed: False
        Output Sync needed: False
        SC shield enabled: False
        POR State: ANY
        LCD Mode: COMMON
        Register Mode: RegComb
        CaSense Mode: NEITHER
        Treat as pin: False
        Is OE Registered: False
        Uses Analog: False
        Can contain Digital: True
        Is SIO: False
        SIO Output Buf: NONREGULATED
        SIO Input Buf: SINGLE_ENDED
        SIO HiFreq: LOW
        SIO Hyst: DISABLED
        SIO Vtrip: MULTIPLIER_0_5
        SIO Multiplier Index: 0
        SIO RefSel: VCC_IO
        Required Capabilitites: DIGITAL, ROUTABLE
        Initial Value: 0
        IO Voltage: 0
    PORT MAP (
        pa_out => Pin_RE1(1)__PA ,
        input => Net_152 ,
        pad => Pin_RE1(1)_PAD );
    Properties:
    {
    }

[IoId=2]: 
Pin : Name = Pin_RE0(0)
    Attributes:
        In Group/Port: True
        In Sync Option: AUTO
        Out Sync Option: NOSYNC
        Interrupt generated: False
        Interrupt mode: NONE
        Drive mode: CMOS_OUT
        VTrip: EITHER
        Slew: FAST
        Input Sync needed: False
        Output Sync needed: False
        SC shield enabled: False
        POR State: ANY
        LCD Mode: COMMON
        Register Mode: RegComb
        CaSense Mode: NEITHER
        Treat as pin: False
        Is OE Registered: False
        Uses Analog: False
        Can contain Digital: True
        Is SIO: False
        SIO Output Buf: NONREGULATED
        SIO Input Buf: SINGLE_ENDED
        SIO HiFreq: LOW
        SIO Hyst: DISABLED
        SIO Vtrip: MULTIPLIER_0_5
        SIO Multiplier Index: 0
        SIO RefSel: VCC_IO
        Required Capabilitites: DIGITAL, ROUTABLE
        Initial Value: 0
        IO Voltage: 0
    PORT MAP (
        pa_out => Pin_RE0(0)__PA ,
        input => Net_131 ,
        pad => Pin_RE0(0)_PAD );
    Properties:
    {
    }

[IoId=3]: 
Pin : Name = Pin_RE0(1)
    Attributes:
        In Group/Port: True
        In Sync Option: AUTO
        Out Sync Option: NOSYNC
        Interrupt generated: False
        Interrupt mode: NONE
        Drive mode: CMOS_OUT
        VTrip: EITHER
        Slew: FAST
        Input Sync needed: False
        Output Sync needed: False
        SC shield enabled: False
        POR State: ANY
        LCD Mode: COMMON
        Register Mode: RegComb
        CaSense Mode: NEITHER
        Treat as pin: False
        Is OE Registered: False
        Uses Analog: False
        Can contain Digital: True
        Is SIO: False
        SIO Output Buf: NONREGULATED
        SIO Input Buf: SINGLE_ENDED
        SIO HiFreq: LOW
        SIO Hyst: DISABLED
        SIO Vtrip: MULTIPLIER_0_5
        SIO Multiplier Index: 0
        SIO RefSel: VCC_IO
        Required Capabilitites: DIGITAL, ROUTABLE
        Initial Value: 0
        IO Voltage: 0
    PORT MAP (
        pa_out => Pin_RE0(1)__PA ,
        input => Net_132 ,
        pad => Pin_RE0(1)_PAD );
    Properties:
    {
    }

Port 1 is empty
Port 2 contains the following IO cells:
[IoId=0]: 
Pin : Name = SCK_1(0)
    Attributes:
        In Group/Port: True
        In Sync Option: AUTO
        Out Sync Option: NOSYNC
        Interrupt generated: False
        Interrupt mode: NONE
        Drive mode: CMOS_OUT
        VTrip: EITHER
        Slew: FAST
        Input Sync needed: False
        Output Sync needed: False
        SC shield enabled: False
        POR State: ANY
        LCD Mode: COMMON
        Register Mode: RegComb
        CaSense Mode: NEITHER
        Treat as pin: True
        Is OE Registered: False
        Uses Analog: False
        Can contain Digital: True
        Is SIO: False
        SIO Output Buf: NONREGULATED
        SIO Input Buf: SINGLE_ENDED
        SIO HiFreq: LOW
        SIO Hyst: DISABLED
        SIO Vtrip: MULTIPLIER_0_5
        SIO Multiplier Index: 0
        SIO RefSel: VCC_IO
        Required Capabilitites: DIGITAL, ROUTABLE
        Initial Value: 0
        IO Voltage: 0
    PORT MAP (
        pa_out => SCK_1(0)__PA ,
        input => Net_3 ,
        pad => SCK_1(0)_PAD );
    Properties:
    {
    }

[IoId=1]: 
Pin : Name = SDO_1(0)
    Attributes:
        In Group/Port: True
        In Sync Option: AUTO
        Out Sync Option: NOSYNC
        Interrupt generated: False
        Interrupt mode: NONE
        Drive mode: CMOS_OUT
        VTrip: EITHER
        Slew: FAST
        Input Sync needed: False
        Output Sync needed: False
        SC shield enabled: False
        POR State: ANY
        LCD Mode: COMMON
        Register Mode: RegComb
        CaSense Mode: NEITHER
        Treat as pin: True
        Is OE Registered: False
        Uses Analog: False
        Can contain Digital: True
        Is SIO: False
        SIO Output Buf: NONREGULATED
        SIO Input Buf: SINGLE_ENDED
        SIO HiFreq: LOW
        SIO Hyst: DISABLED
        SIO Vtrip: MULTIPLIER_0_5
        SIO Multiplier Index: 0
        SIO RefSel: VCC_IO
        Required Capabilitites: DIGITAL, ROUTABLE
        Initial Value: 0
        IO Voltage: 0
    PORT MAP (
        pa_out => SDO_1(0)__PA ,
        input => Net_5_0 ,
        pad => SDO_1(0)_PAD );
    Properties:
    {
    }

[IoId=2]: 
Pin : Name = WS_1(0)
    Attributes:
        In Group/Port: True
        In Sync Option: AUTO
        Out Sync Option: NOSYNC
        Interrupt generated: False
        Interrupt mode: NONE
        Drive mode: CMOS_OUT
        VTrip: EITHER
        Slew: FAST
        Input Sync needed: False
        Output Sync needed: False
        SC shield enabled: False
        POR State: ANY
        LCD Mode: COMMON
        Register Mode: RegComb
        CaSense Mode: NEITHER
        Treat as pin: True
        Is OE Registered: False
        Uses Analog: False
        Can contain Digital: True
        Is SIO: False
        SIO Output Buf: NONREGULATED
        SIO Input Buf: SINGLE_ENDED
        SIO HiFreq: LOW
        SIO Hyst: DISABLED
        SIO Vtrip: MULTIPLIER_0_5
        SIO Multiplier Index: 0
        SIO RefSel: VCC_IO
        Required Capabilitites: DIGITAL, ROUTABLE
        Initial Value: 0
        IO Voltage: 0
    PORT MAP (
        pa_out => WS_1(0)__PA ,
        input => Net_4 ,
        pad => WS_1(0)_PAD );
    Properties:
    {
    }

[IoId=5]: 
Pin : Name = Pin_I2S_Clock(0)
    Attributes:
        In Group/Port: True
        In Sync Option: AUTO
        Out Sync Option: NOSYNC
        Interrupt generated: False
        Interrupt mode: NONE
        Drive mode: CMOS_OUT
        VTrip: EITHER
        Slew: FAST
        Input Sync needed: False
        Output Sync needed: False
        SC shield enabled: False
        POR State: ANY
        LCD Mode: COMMON
        Register Mode: RegComb
        CaSense Mode: NEITHER
        Treat as pin: True
        Is OE Registered: False
        Uses Analog: False
        Can contain Digital: True
        Is SIO: False
        SIO Output Buf: NONREGULATED
        SIO Input Buf: SINGLE_ENDED
        SIO HiFreq: LOW
        SIO Hyst: DISABLED
        SIO Vtrip: MULTIPLIER_0_5
        SIO Multiplier Index: 0
        SIO RefSel: VCC_IO
        Required Capabilitites: DIGITAL, ROUTABLE
        Initial Value: 0
        IO Voltage: 0
    PORT MAP (
        pa_out => Pin_I2S_Clock(0)__PA ,
        input => Net_22_local ,
        pad => Pin_I2S_Clock(0)_PAD );
    Properties:
    {
    }

[IoId=6]: 
Pin : Name = Pin_Check_1(0)
    Attributes:
        In Group/Port: True
        In Sync Option: AUTO
        Out Sync Option: NOSYNC
        Interrupt generated: False
        Interrupt mode: NONE
        Drive mode: CMOS_OUT
        VTrip: EITHER
        Slew: FAST
        Input Sync needed: False
        Output Sync needed: False
        SC shield enabled: False
        POR State: ANY
        LCD Mode: COMMON
        Register Mode: RegComb
        CaSense Mode: NEITHER
        Treat as pin: True
        Is OE Registered: False
        Uses Analog: False
        Can contain Digital: True
        Is SIO: False
        SIO Output Buf: NONREGULATED
        SIO Input Buf: SINGLE_ENDED
        SIO HiFreq: LOW
        SIO Hyst: DISABLED
        SIO Vtrip: MULTIPLIER_0_5
        SIO Multiplier Index: 0
        SIO RefSel: VCC_IO
        Required Capabilitites: DIGITAL
        Initial Value: 0
        IO Voltage: 0
    PORT MAP (
        pa_out => Pin_Check_1(0)__PA ,
        pad => Pin_Check_1(0)_PAD );
    Properties:
    {
    }

[IoId=7]: 
Pin : Name = Pin_Check_0(0)
    Attributes:
        In Group/Port: True
        In Sync Option: AUTO
        Out Sync Option: NOSYNC
        Interrupt generated: False
        Interrupt mode: NONE
        Drive mode: CMOS_OUT
        VTrip: EITHER
        Slew: FAST
        Input Sync needed: False
        Output Sync needed: False
        SC shield enabled: False
        POR State: ANY
        LCD Mode: COMMON
        Register Mode: RegComb
        CaSense Mode: NEITHER
        Treat as pin: True
        Is OE Registered: False
        Uses Analog: False
        Can contain Digital: True
        Is SIO: False
        SIO Output Buf: NONREGULATED
        SIO Input Buf: SINGLE_ENDED
        SIO HiFreq: LOW
        SIO Hyst: DISABLED
        SIO Vtrip: MULTIPLIER_0_5
        SIO Multiplier Index: 0
        SIO RefSel: VCC_IO
        Required Capabilitites: DIGITAL
        Initial Value: 0
        IO Voltage: 0
    PORT MAP (
        pa_out => Pin_Check_0(0)__PA ,
        pad => Pin_Check_0(0)_PAD );
    Properties:
    {
    }

Port 3 contains the following IO cells:
[IoId=0]: 
Pin : Name = Pin_RE0_In(0)
    Attributes:
        In Group/Port: True
        In Sync Option: SYNC
        Out Sync Option: AUTO
        Interrupt generated: False
        Interrupt mode: NONE
        Drive mode: RES_PULL_UP
        VTrip: CMOS
        Slew: FAST
        Input Sync needed: False
        Output Sync needed: False
        SC shield enabled: False
        POR State: ANY
        LCD Mode: COMMON
        Register Mode: RegComb
        CaSense Mode: NEITHER
        Treat as pin: False
        Is OE Registered: False
        Uses Analog: False
        Can contain Digital: True
        Is SIO: False
        SIO Output Buf: NONREGULATED
        SIO Input Buf: SINGLE_ENDED
        SIO HiFreq: LOW
        SIO Hyst: DISABLED
        SIO Vtrip: MULTIPLIER_0_5
        SIO Multiplier Index: 0
        SIO RefSel: VCC_IO
        Required Capabilitites: DIGITAL, ROUTABLE
        Initial Value: 1
        IO Voltage: 0
    PORT MAP (
        pa_out => Pin_RE0_In(0)__PA ,
        fb => Net_96 ,
        pad => Pin_RE0_In(0)_PAD );
    Properties:
    {
    }

[IoId=1]: 
Pin : Name = Pin_RE0_In(1)
    Attributes:
        In Group/Port: True
        In Sync Option: SYNC
        Out Sync Option: AUTO
        Interrupt generated: False
        Interrupt mode: NONE
        Drive mode: RES_PULL_UP
        VTrip: CMOS
        Slew: FAST
        Input Sync needed: False
        Output Sync needed: False
        SC shield enabled: False
        POR State: ANY
        LCD Mode: COMMON
        Register Mode: RegComb
        CaSense Mode: NEITHER
        Treat as pin: False
        Is OE Registered: False
        Uses Analog: False
        Can contain Digital: True
        Is SIO: False
        SIO Output Buf: NONREGULATED
        SIO Input Buf: SINGLE_ENDED
        SIO HiFreq: LOW
        SIO Hyst: DISABLED
        SIO Vtrip: MULTIPLIER_0_5
        SIO Multiplier Index: 0
        SIO RefSel: VCC_IO
        Required Capabilitites: DIGITAL, ROUTABLE
        Initial Value: 1
        IO Voltage: 0
    PORT MAP (
        pa_out => Pin_RE0_In(1)__PA ,
        fb => Net_105 ,
        pad => Pin_RE0_In(1)_PAD );
    Properties:
    {
    }

[IoId=2]: 
Pin : Name = Pin_RE1_In(0)
    Attributes:
        In Group/Port: True
        In Sync Option: SYNC
        Out Sync Option: AUTO
        Interrupt generated: False
        Interrupt mode: NONE
        Drive mode: RES_PULL_UP
        VTrip: CMOS
        Slew: FAST
        Input Sync needed: False
        Output Sync needed: False
        SC shield enabled: False
        POR State: ANY
        LCD Mode: COMMON
        Register Mode: RegComb
        CaSense Mode: NEITHER
        Treat as pin: False
        Is OE Registered: False
        Uses Analog: False
        Can contain Digital: True
        Is SIO: False
        SIO Output Buf: NONREGULATED
        SIO Input Buf: SINGLE_ENDED
        SIO HiFreq: LOW
        SIO Hyst: DISABLED
        SIO Vtrip: MULTIPLIER_0_5
        SIO Multiplier Index: 0
        SIO RefSel: VCC_IO
        Required Capabilitites: DIGITAL, ROUTABLE
        Initial Value: 1
        IO Voltage: 0
    PORT MAP (
        pa_out => Pin_RE1_In(0)__PA ,
        fb => Net_145 ,
        pad => Pin_RE1_In(0)_PAD );
    Properties:
    {
    }

[IoId=3]: 
Pin : Name = Pin_RE1_In(1)
    Attributes:
        In Group/Port: True
        In Sync Option: SYNC
        Out Sync Option: AUTO
        Interrupt generated: False
        Interrupt mode: NONE
        Drive mode: RES_PULL_UP
        VTrip: CMOS
        Slew: FAST
        Input Sync needed: False
        Output Sync needed: False
        SC shield enabled: False
        POR State: ANY
        LCD Mode: COMMON
        Register Mode: RegComb
        CaSense Mode: NEITHER
        Treat as pin: False
        Is OE Registered: False
        Uses Analog: False
        Can contain Digital: True
        Is SIO: False
        SIO Output Buf: NONREGULATED
        SIO Input Buf: SINGLE_ENDED
        SIO HiFreq: LOW
        SIO Hyst: DISABLED
        SIO Vtrip: MULTIPLIER_0_5
        SIO Multiplier Index: 0
        SIO RefSel: VCC_IO
        Required Capabilitites: DIGITAL, ROUTABLE
        Initial Value: 1
        IO Voltage: 0
    PORT MAP (
        pa_out => Pin_RE1_In(1)__PA ,
        fb => Net_151 ,
        pad => Pin_RE1_In(1)_PAD );
    Properties:
    {
    }

Port 12 is empty
Port 15 is empty
CAN 2.0b group 0: empty
Cache group 0: empty
CapSense group 0: empty
Clock group 0: 
    Clock Block @ F(Clock,0): 
    clockblockcell: Name =ClockBlock
        PORT MAP (
            imo => ClockBlock_IMO ,
            pllout => ClockBlock_PLL_OUT ,
            ilo => ClockBlock_ILO ,
            clk_100k => ClockBlock_100k ,
            clk_1k => ClockBlock_1k ,
            clk_32k => ClockBlock_32k ,
            xtal => ClockBlock_XTAL ,
            clk_32k_xtal => ClockBlock_XTAL_32KHZ ,
            clk_sync => ClockBlock_MASTER_CLK ,
            clk_bus_glb => ClockBlock_BUS_CLK ,
            clk_bus => ClockBlock_BUS_CLK_local ,
            dclk_glb_0 => Net_22 ,
            dclk_0 => Net_22_local ,
            dclk_glb_1 => Net_97 ,
            dclk_1 => Net_97_local );
        Properties:
        {
        }
Comparator group 0: empty
Digital Filter Block group 0: empty
Delta-Sigma ADC group 0: empty
Decimator group 0: empty
EMIF group 0: empty
I2C group 0: empty
Segment LCD group 0: empty
LVD group 0: empty
PM group 0: empty
Analog (SC/CT) Blocks group 0: empty
SPC group 0: empty
Timer group 0: empty
USB group 0: empty
VIDAC group 0: empty
Opamp group 0: empty
CapSense Buffers group 0: empty
Vref group 0: empty
LPF group 0: empty
SAR ADC group 0: empty
</CYPRESSTAG>
<CYPRESSTAG name="Port Configuration Details">

------------------------------------------------------------
Port Configuration report
------------------------------------------------------------
     |     |       | Interrupt |                  |                  | 
Port | Pin | Fixed |      Type |       Drive Mode |             Name | Connections
-----+-----+-------+-----------+------------------+------------------+-----------------
   0 |   0 |       |      NONE |         CMOS_OUT |       Pin_RE1(0) | In(Net_147)
     |   1 |       |      NONE |         CMOS_OUT |       Pin_RE1(1) | In(Net_152)
     |   2 |       |      NONE |         CMOS_OUT |       Pin_RE0(0) | In(Net_131)
     |   3 |       |      NONE |         CMOS_OUT |       Pin_RE0(1) | In(Net_132)
-----+-----+-------+-----------+------------------+------------------+-----------------
   2 |   0 |     * |      NONE |         CMOS_OUT |         SCK_1(0) | In(Net_3)
     |   1 |     * |      NONE |         CMOS_OUT |         SDO_1(0) | In(Net_5_0)
     |   2 |     * |      NONE |         CMOS_OUT |          WS_1(0) | In(Net_4)
     |   5 |     * |      NONE |         CMOS_OUT | Pin_I2S_Clock(0) | In(Net_22_local)
     |   6 |     * |      NONE |         CMOS_OUT |   Pin_Check_1(0) | 
     |   7 |     * |      NONE |         CMOS_OUT |   Pin_Check_0(0) | 
-----+-----+-------+-----------+------------------+------------------+-----------------
   3 |   0 |     * |      NONE |      RES_PULL_UP |    Pin_RE0_In(0) | FB(Net_96)
     |   1 |     * |      NONE |      RES_PULL_UP |    Pin_RE0_In(1) | FB(Net_105)
     |   2 |     * |      NONE |      RES_PULL_UP |    Pin_RE1_In(0) | FB(Net_145)
     |   3 |     * |      NONE |      RES_PULL_UP |    Pin_RE1_In(1) | FB(Net_151)
---------------------------------------------------------------------------------------
</CYPRESSTAG>
</CYPRESSTAG>
</CYPRESSTAG>
Digital component placer commit/Report: Elapsed time ==> 0s.001ms
Digital Placement phase: Elapsed time ==> 0s.938ms
</CYPRESSTAG>
<CYPRESSTAG name="Digital Routing">
Routing successful.
Digital Routing phase: Elapsed time ==> 1s.740ms
</CYPRESSTAG>
<CYPRESSTAG name="Bitstream and API generation">
Bitstream and API generation phase: Elapsed time ==> 0s.211ms
</CYPRESSTAG>
<CYPRESSTAG name="Bitstream verification">
Bitstream verification phase: Elapsed time ==> 0s.034ms
</CYPRESSTAG>
<CYPRESSTAG name="Static timing analysis">
Warning: sta.M0019: PrototypingKit_DDS_timing.html: Warning-1366: Setup time violation found in a path from clock ( CyBUS_CLK ) to clock ( CyBUS_CLK ). (File=D:\Users\gizmo\Documents\Develop\I2S_FG\PSoC\I2S_FG\PrototypingKit_DDS.cydsn\PrototypingKit_DDS_timing.html)
Timing report is in PrototypingKit_DDS_timing.html.
Static timing analysis phase: Elapsed time ==> 0s.325ms
</CYPRESSTAG>
<CYPRESSTAG name="Data reporting">
Data reporting phase: Elapsed time ==> 0s.000ms
</CYPRESSTAG>
<CYPRESSTAG name="Database update...">
Design database save phase: Elapsed time ==> 0s.184ms
</CYPRESSTAG>
cydsfit: Elapsed time ==> 4s.077ms
</CYPRESSTAG>
Fitter phase: Elapsed time ==> 4s.125ms
API generation phase: Elapsed time ==> 0s.913ms
Dependency generation phase: Elapsed time ==> 0s.013ms
Cleanup phase: Elapsed time ==> 0s.001ms
